Component: ARM Compiler 5.06 update 7 (build 960) Tool: armlink [4d3601]

==============================================================================

Section Cross References

    startup_stm32f103xb.o(STACK) refers (Special) to heapauxi.o(.text) for __use_two_region_memory
    startup_stm32f103xb.o(HEAP) refers (Special) to heapauxi.o(.text) for __use_two_region_memory
    startup_stm32f103xb.o(RESET) refers (Special) to heapauxi.o(.text) for __use_two_region_memory
    startup_stm32f103xb.o(RESET) refers to startup_stm32f103xb.o(STACK) for __initial_sp
    startup_stm32f103xb.o(RESET) refers to startup_stm32f103xb.o(.text) for Reset_Handler
    startup_stm32f103xb.o(RESET) refers to stm32f1xx_it.o(i.NMI_Handler) for NMI_Handler
    startup_stm32f103xb.o(RESET) refers to stm32f1xx_it.o(i.HardFault_Handler) for HardFault_Handler
    startup_stm32f103xb.o(RESET) refers to stm32f1xx_it.o(i.MemManage_Handler) for MemManage_Handler
    startup_stm32f103xb.o(RESET) refers to stm32f1xx_it.o(i.BusFault_Handler) for BusFault_Handler
    startup_stm32f103xb.o(RESET) refers to stm32f1xx_it.o(i.UsageFault_Handler) for UsageFault_Handler
    startup_stm32f103xb.o(RESET) refers to stm32f1xx_it.o(i.SVC_Handler) for SVC_Handler
    startup_stm32f103xb.o(RESET) refers to stm32f1xx_it.o(i.DebugMon_Handler) for DebugMon_Handler
    startup_stm32f103xb.o(RESET) refers to stm32f1xx_it.o(i.PendSV_Handler) for PendSV_Handler
    startup_stm32f103xb.o(RESET) refers to stm32f1xx_it.o(i.SysTick_Handler) for SysTick_Handler
    startup_stm32f103xb.o(RESET) refers to stm32f1xx_it.o(i.EXTI0_IRQHandler) for EXTI0_IRQHandler
    startup_stm32f103xb.o(RESET) refers to stm32f1xx_it.o(i.DMA1_Channel4_IRQHandler) for DMA1_Channel4_IRQHandler
    startup_stm32f103xb.o(RESET) refers to stm32f1xx_it.o(i.USART1_IRQHandler) for USART1_IRQHandler
    startup_stm32f103xb.o(.text) refers (Special) to heapauxi.o(.text) for __use_two_region_memory
    startup_stm32f103xb.o(.text) refers to system_stm32f1xx.o(i.SystemInit) for SystemInit
    startup_stm32f103xb.o(.text) refers to __main.o(!!!main) for __main
    startup_stm32f103xb.o(.text) refers to startup_stm32f103xb.o(HEAP) for Heap_Mem
    startup_stm32f103xb.o(.text) refers to startup_stm32f103xb.o(STACK) for Stack_Mem
    main.o(i.HAL_GPIO_EXTI_Callback) refers to mpu6050.o(i.gyro_data_ready_cb) for gyro_data_ready_cb
    main.o(i.HAL_GPIO_EXTI_Callback) refers to frleqf.o(x$fpl$frleqf) for __aeabi_cfrcmple
    main.o(i.HAL_GPIO_EXTI_Callback) refers to fleqf.o(x$fpl$fleqf) for __aeabi_cfcmple
    main.o(i.HAL_GPIO_EXTI_Callback) refers to faddsub_clz.o(x$fpl$fadd) for __aeabi_fadd
    main.o(i.HAL_GPIO_EXTI_Callback) refers to ffixu.o(x$fpl$ffixu) for __aeabi_f2uiz
    main.o(i.HAL_GPIO_EXTI_Callback) refers to fmul.o(x$fpl$fmul) for __aeabi_fmul
    main.o(i.HAL_GPIO_EXTI_Callback) refers to f2d.o(x$fpl$f2d) for __aeabi_f2d
    main.o(i.HAL_GPIO_EXTI_Callback) refers to ddiv.o(x$fpl$ddiv) for __aeabi_ddiv
    main.o(i.HAL_GPIO_EXTI_Callback) refers to daddsub_clz.o(x$fpl$dadd) for __aeabi_dadd
    main.o(i.HAL_GPIO_EXTI_Callback) refers to dmul.o(x$fpl$dmul) for __aeabi_dmul
    main.o(i.HAL_GPIO_EXTI_Callback) refers to dfix.o(x$fpl$dfix) for __aeabi_d2iz
    main.o(i.HAL_GPIO_EXTI_Callback) refers to stm32f1xx_hal_uart.o(i.HAL_UART_Transmit_IT) for HAL_UART_Transmit_IT
    main.o(i.HAL_GPIO_EXTI_Callback) refers to main.o(.data) for Yaw
    main.o(i.HAL_GPIO_EXTI_Callback) refers to main.o(.bss) for toTrans
    main.o(i.HAL_GPIO_EXTI_Callback) refers to usart.o(.bss) for huart1
    main.o(i.SystemClock_Config) refers to rt_memclr_w.o(.text) for __aeabi_memclr4
    main.o(i.SystemClock_Config) refers to stm32f1xx_hal_rcc.o(i.HAL_RCC_OscConfig) for HAL_RCC_OscConfig
    main.o(i.SystemClock_Config) refers to main.o(i.Error_Handler) for Error_Handler
    main.o(i.SystemClock_Config) refers to stm32f1xx_hal_rcc.o(i.HAL_RCC_ClockConfig) for HAL_RCC_ClockConfig
    main.o(i.main) refers to stm32f1xx_hal.o(i.HAL_Init) for HAL_Init
    main.o(i.main) refers to main.o(i.SystemClock_Config) for SystemClock_Config
    main.o(i.main) refers to gpio.o(i.MX_GPIO_Init) for MX_GPIO_Init
    main.o(i.main) refers to dma.o(i.MX_DMA_Init) for MX_DMA_Init
    main.o(i.main) refers to i2c.o(i.MX_I2C1_Init) for MX_I2C1_Init
    main.o(i.main) refers to usart.o(i.MX_USART1_UART_Init) for MX_USART1_UART_Init
    main.o(i.main) refers to mpu6050.o(i.mpu6050_init) for mpu6050_init
    main.o(i.main) refers to stm32f1xx_hal.o(i.HAL_Delay) for HAL_Delay
    main.o(i.main) refers to stm32f1xx_hal_uart.o(i.HAL_UART_Transmit_IT) for HAL_UART_Transmit_IT
    main.o(i.main) refers to main.o(.bss) for toTrans
    main.o(i.main) refers to usart.o(.bss) for huart1
    gpio.o(i.MX_GPIO_Init) refers to stm32f1xx_hal_gpio.o(i.HAL_GPIO_WritePin) for HAL_GPIO_WritePin
    gpio.o(i.MX_GPIO_Init) refers to stm32f1xx_hal_gpio.o(i.HAL_GPIO_Init) for HAL_GPIO_Init
[...]
    HAL_UART_Transmit                        0x080060c7   Thumb Code   190  stm32f1xx_hal_uart.o(i.HAL_UART_Transmit)
    HAL_UART_Transmit_IT                     0x08006185   Thumb Code    56  stm32f1xx_hal_uart.o(i.HAL_UART_Transmit_IT)
    HAL_UART_TxCpltCallback                  0x080061bd   Thumb Code     2  stm32f1xx_hal_uart.o(i.HAL_UART_TxCpltCallback)
    HardFault_Handler                        0x080061bf   Thumb Code     4  stm32f1xx_it.o(i.HardFault_Handler)
    MPU6050_Get_Euler_Temputer               0x08006751   Thumb Code   356  mpu6050.o(i.MPU6050_Get_Euler_Temputer)
    MX_DMA_Init                              0x080068c1   Thumb Code    48  dma.o(i.MX_DMA_Init)
    MX_GPIO_Init                             0x080068f5   Thumb Code   196  gpio.o(i.MX_GPIO_Init)
    MX_I2C1_Init                             0x080069c9   Thumb Code    48  i2c.o(i.MX_I2C1_Init)
    MX_USART1_UART_Init                      0x08006a05   Thumb Code    46  usart.o(i.MX_USART1_UART_Init)
    MemManage_Handler                        0x08006a3d   Thumb Code     4  stm32f1xx_it.o(i.MemManage_Handler)
    NMI_Handler                              0x08006a41   Thumb Code     4  stm32f1xx_it.o(i.NMI_Handler)
    PendSV_Handler                           0x08006a45   Thumb Code     2  stm32f1xx_it.o(i.PendSV_Handler)
    SVC_Handler                              0x08006a71   Thumb Code     2  stm32f1xx_it.o(i.SVC_Handler)
    Sensors_I2C_ReadRegister                 0x08006a75   Thumb Code   100  mpu6050.o(i.Sensors_I2C_ReadRegister)
    Sensors_I2C_WriteRegister                0x08006add   Thumb Code   100  mpu6050.o(i.Sensors_I2C_WriteRegister)
    SysTick_Handler                          0x08006b45   Thumb Code     8  stm32f1xx_it.o(i.SysTick_Handler)
    SystemClock_Config                       0x08006b4d   Thumb Code   102  main.o(i.SystemClock_Config)
    SystemInit                               0x08006bb3   Thumb Code     2  system_stm32f1xx.o(i.SystemInit)
    USART1_IRQHandler                        0x08006f39   Thumb Code    10  stm32f1xx_it.o(i.USART1_IRQHandler)
    UsageFault_Handler                       0x08006f49   Thumb Code     4  stm32f1xx_it.o(i.UsageFault_Handler)
    _MLPrintLog                              0x08006f4d   Thumb Code   200  log_stm32.o(i._MLPrintLog)
    __ARM_fpclassify                         0x08007015   Thumb Code    40  fpclassify.o(i.__ARM_fpclassify)
    __ARM_fpclassifyf                        0x0800703d   Thumb Code    38  fpclassifyf.o(i.__ARM_fpclassifyf)
    __mathlib_flt_infnan                     0x0800709d   Thumb Code     6  funder.o(i.__mathlib_flt_infnan)
    __mathlib_flt_infnan2                    0x080070a3   Thumb Code     4  funder.o(i.__mathlib_flt_infnan2)
    __mathlib_flt_invalid                    0x080070a7   Thumb Code     8  funder.o(i.__mathlib_flt_invalid)
    __mathlib_flt_underflow                  0x080070af   Thumb Code    10  funder.o(i.__mathlib_flt_underflow)
    __mathlib_rredf2                         0x080070b9   Thumb Code   344  rredf.o(i.__mathlib_rredf2)
    _is_digit                                0x08007255   Thumb Code    14  __printf_wp.o(i._is_digit)
    acosf                                    0x08007325   Thumb Code   242  acosf.o(i.acosf)
    atan2f                                   0x08007441   Thumb Code   598  atan2f.o(i.atan2f)
    cosf                                     0x080076e5   Thumb Code   328  cosf.o(i.cosf)
    dmp_enable_6x_lp_quat                    0x080078c5   Thumb Code    60  inv_mpu_dmp_motion_driver.o(i.dmp_enable_6x_lp_quat)
    dmp_enable_feature                       0x08007901   Thumb Code   530  inv_mpu_dmp_motion_driver.o(i.dmp_enable_feature)
    dmp_enable_gyro_cal                      0x08007b1d   Thumb Code    62  inv_mpu_dmp_motion_driver.o(i.dmp_enable_gyro_cal)
    dmp_enable_lp_quat                       0x08007b75   Thumb Code    60  inv_mpu_dmp_motion_driver.o(i.dmp_enable_lp_quat)
    dmp_load_motion_driver_firmware          0x08007bb1   Thumb Code    20  inv_mpu_dmp_motion_driver.o(i.dmp_load_motion_driver_firmware)
    dmp_read_fifo                            0x08007bc9   Thumb Code   456  inv_mpu_dmp_motion_driver.o(i.dmp_read_fifo)
    dmp_set_fifo_rate                        0x08007d95   Thumb Code    96  inv_mpu_dmp_motion_driver.o(i.dmp_set_fifo_rate)
    dmp_set_orientation                      0x08007e05   Thumb Code   290  inv_mpu_dmp_motion_driver.o(i.dmp_set_orientation)
    dmp_set_shake_reject_thresh              0x08007f3d   Thumb Code    56  inv_mpu_dmp_motion_driver.o(i.dmp_set_shake_reject_thresh)
    dmp_set_shake_reject_time                0x08007f75   Thumb Code    38  inv_mpu_dmp_motion_driver.o(i.dmp_set_shake_reject_time)
    dmp_set_shake_reject_timeout             0x08007f9b   Thumb Code    38  inv_mpu_dmp_motion_driver.o(i.dmp_set_shake_reject_timeout)
    dmp_set_tap_axes                         0x08007fc1   Thumb Code    70  inv_mpu_dmp_motion_driver.o(i.dmp_set_tap_axes)
    dmp_set_tap_count                        0x08008007   Thumb Code    38  inv_mpu_dmp_motion_driver.o(i.dmp_set_tap_count)
    dmp_set_tap_thresh                       0x0800802d   Thumb Code   396  inv_mpu_dmp_motion_driver.o(i.dmp_set_tap_thresh)
    dmp_set_tap_time                         0x080081cd   Thumb Code    38  inv_mpu_dmp_motion_driver.o(i.dmp_set_tap_time)
    dmp_set_tap_time_multi                   0x080081f3   Thumb Code    38  inv_mpu_dmp_motion_driver.o(i.dmp_set_tap_time_multi)
    fputcc                                   0x08008219   Thumb Code    20  mpu6050.o(i.fputcc)
    get_tick_count                           0x08008751   Thumb Code    14  mpu6050.o(i.get_tick_count)
    gyro_data_ready_cb                       0x08008761   Thumb Code    22  mpu6050.o(i.gyro_data_ready_cb)
    inv_apply_calibration                    0x080088b9   Thumb Code   106  data_builder.o(i.inv_apply_calibration)
    inv_build_accel                          0x08008925   Thumb Code   128  data_builder.o(i.inv_build_accel)
    inv_build_gyro                           0x080089b1   Thumb Code    46  data_builder.o(i.inv_build_gyro)
    inv_build_quat                           0x080089e9   Thumb Code    56  data_builder.o(i.inv_build_quat)
    inv_build_temp                           0x08008a29   Thumb Code    38  data_builder.o(i.inv_build_temp)
    inv_compass_angle                        0x08008a55   Thumb Code   162  ml_math_func.o(i.inv_compass_angle)
    inv_convert_to_body_with_scale           0x08008af7   Thumb Code   114  ml_math_func.o(i.inv_convert_to_body_with_scale)
    inv_disable_compass_soft_iron_matrix     0x08008bd1   Thumb Code    10  data_builder.o(i.inv_disable_compass_soft_iron_matrix)
    inv_enable_eMPL_outputs                  0x08008be1   Thumb Code    22  empl_outputs.o(i.inv_enable_eMPL_outputs)
    inv_enable_results_holder                0x08008bfd   Thumb Code    26  results_holder.o(i.inv_enable_results_holder)
    inv_execute_mpl_start_notification       0x08008c1d   Thumb Code    40  start_manager.o(i.inv_execute_mpl_start_notification)
    inv_execute_on_data                      0x08008c49   Thumb Code   152  data_builder.o(i.inv_execute_on_data)
    inv_generate_results                     0x08008dd9   Thumb Code    12  results_holder.o(i.inv_generate_results)
    inv_get_6axis_quaternion                 0x08008de9   Thumb Code    18  results_holder.o(i.inv_get_6axis_quaternion)
    inv_get_acc_state                        0x08008e01   Thumb Code     6  results_holder.o(i.inv_get_acc_state)
    inv_get_accel_accuracy                   0x08008e0d   Thumb Code     6  data_builder.o(i.inv_get_accel_accuracy)
    inv_get_accel_on                         0x08008e19   Thumb Code    12  data_builder.o(i.inv_get_accel_on)
    inv_get_accel_set                        0x08008e29   Thumb Code    40  data_builder.o(i.inv_get_accel_set)
    inv_get_compass_correction               0x08008e55   Thumb Code    20  results_holder.o(i.inv_get_compass_correction)
    inv_get_compass_on                       0x08008e6d   Thumb Code    12  data_builder.o(i.inv_get_compass_on)
    inv_get_gravity                          0x08008e7d   Thumb Code    90  results_holder.o(i.inv_get_gravity)
    inv_get_gyro                             0x08008edd   Thumb Code    12  data_builder.o(i.inv_get_gyro)
    inv_get_gyro_accuracy                    0x08008eed   Thumb Code     6  data_builder.o(i.inv_get_gyro_accuracy)
    inv_get_gyro_bias                        0x08008ef9   Thumb Code    32  data_builder.o(i.inv_get_gyro_bias)
    inv_get_gyro_bias_tc_set                 0x08008f1d   Thumb Code    26  data_builder.o(i.inv_get_gyro_bias_tc_set)
    inv_get_gyro_on                          0x08008f3d   Thumb Code    10  data_builder.o(i.inv_get_gyro_on)
    inv_get_gyro_sum_of_sqr                  0x08008f4d   Thumb Code    28  ml_math_func.o(i.inv_get_gyro_sum_of_sqr)
    inv_get_last_timestamp                   0x08008f69   Thumb Code    98  data_builder.o(i.inv_get_last_timestamp)
    inv_get_linear_accel                     0x08008fd1   Thumb Code    60  results_holder.o(i.inv_get_linear_accel)
    inv_get_local_field                      0x0800900d   Thumb Code    12  results_holder.o(i.inv_get_local_field)
    inv_get_mag_accuracy                     0x0800901d   Thumb Code    20  data_builder.o(i.inv_get_mag_accuracy)
    inv_get_motion_state                     0x08009039   Thumb Code    16  results_holder.o(i.inv_get_motion_state)
    inv_get_quaternion                       0x0800904d   Thumb Code    54  results_holder.o(i.inv_get_quaternion)
    inv_get_quaternion_set                   0x08009089   Thumb Code    68  results_holder.o(i.inv_get_quaternion_set)
    inv_get_sensor_type_euler                0x080090cd   Thumb Code   536  empl_outputs.o(i.inv_get_sensor_type_euler)
    inv_got_compass_bias                     0x080092fd   Thumb Code     6  results_holder.o(i.inv_got_compass_bias)
    inv_init_data_builder                    0x08009309   Thumb Code    42  data_builder.o(i.inv_init_data_builder)
    inv_init_mpl                             0x08009359   Thumb Code   106  mpl.o(i.inv_init_mpl)
    inv_init_results_holder                  0x080093e5   Thumb Code    46  results_holder.o(i.inv_init_results_holder)
    inv_init_start_manager                   0x0800941d   Thumb Code    14  start_manager.o(i.inv_init_start_manager)
    inv_init_storage_manager                 0x08009431   Thumb Code    20  storage_manager.o(i.inv_init_storage_manager)
    inv_orientation_matrix_to_scalar         0x08009449   Thumb Code    40  ml_math_func.o(i.inv_orientation_matrix_to_scalar)
    inv_q29_mult                             0x08009471   Thumb Code    18  ml_math_func.o(i.inv_q29_mult)
    inv_q30_mult                             0x08009483   Thumb Code    18  ml_math_func.o(i.inv_q30_mult)
    inv_q_add                                0x080094ab   Thumb Code    36  ml_math_func.o(i.inv_q_add)
    inv_q_addf                               0x080094cf   Thumb Code    50  ml_math_func.o(i.inv_q_addf)
    inv_q_invert                             0x08009501   Thumb Code    24  ml_math_func.o(i.inv_q_invert)
    inv_q_invertf                            0x08009519   Thumb Code    30  ml_math_func.o(i.inv_q_invertf)
    inv_q_mult                               0x08009537   Thumb Code   178  ml_math_func.o(i.inv_q_mult)
    inv_q_multf                              0x080095e9   Thumb Code   270  ml_math_func.o(i.inv_q_multf)
    inv_q_norm4                              0x080096f7   Thumb Code   146  ml_math_func.o(i.inv_q_norm4)
    inv_q_normalizef                         0x08009789   Thumb Code   366  ml_math_func.o(i.inv_q_normalizef)
    inv_q_rotate                             0x080098f7   Thumb Code    66  ml_math_func.o(i.inv_q_rotate)
    inv_quaternion_to_rotation               0x08009939   Thumb Code   218  ml_math_func.o(i.inv_quaternion_to_rotation)
    inv_register_data_cb                     0x08009a15   Thumb Code   234  data_builder.o(i.inv_register_data_cb)
    inv_register_load_store                  0x08009b0d   Thumb Code   138  storage_manager.o(i.inv_register_load_store)
    inv_register_mpl_start_notification      0x08009b9d   Thumb Code    38  start_manager.o(i.inv_register_mpl_start_notification)
    inv_reset_compass_soft_iron_matrix       0x08009bc9   Thumb Code    70  data_builder.o(i.inv_reset_compass_soft_iron_matrix)
    inv_set_accel_bias                       0x08009c65   Thumb Code    64  data_builder.o(i.inv_set_accel_bias)
    inv_set_accel_orientation_and_scale      0x08009cb1   Thumb Code    18  data_builder.o(i.inv_set_accel_orientation_and_scale)
    inv_set_accel_sample_rate                0x08009cc9   Thumb Code    36  data_builder.o(i.inv_set_accel_sample_rate)
    inv_set_compass_bias_found               0x08009cf5   Thumb Code     6  results_holder.o(i.inv_set_compass_bias_found)
    inv_set_compass_correction               0x08009d01   Thumb Code    30  results_holder.o(i.inv_set_compass_correction)
    inv_set_compass_disturbance              0x08009d25   Thumb Code     8  data_builder.o(i.inv_set_compass_disturbance)
    inv_set_gyro_bias                        0x08009e51   Thumb Code   102  data_builder.o(i.inv_set_gyro_bias)
    inv_set_gyro_orientation_and_scale       0x08009ec5   Thumb Code    18  data_builder.o(i.inv_set_gyro_orientation_and_scale)
    inv_set_gyro_sample_rate                 0x08009edd   Thumb Code    32  data_builder.o(i.inv_set_gyro_sample_rate)
    inv_set_message                          0x08009f05   Thumb Code    24  message_layer.o(i.inv_set_message)
    inv_set_motion_state                     0x08009f21   Thumb Code    74  results_holder.o(i.inv_set_motion_state)
    inv_start_mpl                            0x08009f85   Thumb Code    38  mpl.o(i.inv_start_mpl)
    inv_start_results_holder                 0x08009fcd   Thumb Code    18  results_holder.o(i.inv_start_results_holder)
    inv_store_gaming_quaternion              0x08009fe5   Thumb Code    30  results_holder.o(i.inv_store_gaming_quaternion)
    inv_unregister_data_cb                   0x0800a009   Thumb Code    96  data_builder.o(i.inv_unregister_data_cb)
    inv_unregister_mpl_start_notification    0x0800a06d   Thumb Code    92  start_manager.o(i.inv_unregister_mpl_start_notification)
    main                                     0x0800a0cd   Thumb Code    54  main.o(i.main)
    mpu6050_init                             0x0800a10d   Thumb Code   238  mpu6050.o(i.mpu6050_init)
    mpu_configure_fifo                       0x0800a209   Thumb Code   106  inv_mpu.o(i.mpu_configure_fifo)
    mpu_get_accel_fsr                        0x0800a279   Thumb Code    72  inv_mpu.o(i.mpu_get_accel_fsr)
    mpu_get_accel_sens                       0x0800a2c5   Thumb Code    78  inv_mpu.o(i.mpu_get_accel_sens)
    mpu_get_fifo_config                      0x0800a319   Thumb Code    12  inv_mpu.o(i.mpu_get_fifo_config)
    mpu_get_gyro_fsr                         0x0800a329   Thumb Code    64  inv_mpu.o(i.mpu_get_gyro_fsr)
    mpu_get_gyro_sens                        0x0800a36d   Thumb Code    58  inv_mpu.o(i.mpu_get_gyro_sens)
    mpu_get_lpf                              0x0800a3bd   Thumb Code    74  inv_mpu.o(i.mpu_get_lpf)
    mpu_get_sample_rate                      0x0800a40d   Thumb Code    26  inv_mpu.o(i.mpu_get_sample_rate)
    mpu_get_temperature                      0x0800a42d   Thumb Code   150  inv_mpu.o(i.mpu_get_temperature)
    mpu_init                                 0x0800a4cd   Thumb Code   248  inv_mpu.o(i.mpu_init)
    mpu_load_firmware                        0x0800a5c9   Thumb Code   180  inv_mpu.o(i.mpu_load_firmware)
    mpu_lp_accel_mode                        0x0800a681   Thumb Code   218  inv_mpu.o(i.mpu_lp_accel_mode)
    mpu_read_fifo_stream                     0x0800a761   Thumb Code   186  inv_mpu.o(i.mpu_read_fifo_stream)
    mpu_read_mem                             0x0800a821   Thumb Code   122  inv_mpu.o(i.mpu_read_mem)
    mpu_reset_fifo                           0x0800a8a1   Thumb Code   450  inv_mpu.o(i.mpu_reset_fifo)
    mpu_run_self_test                        0x0800aa69   Thumb Code   282  inv_mpu.o(i.mpu_run_self_test)
    mpu_set_accel_fsr                        0x0800ab89   Thumb Code   126  inv_mpu.o(i.mpu_set_accel_fsr)
    mpu_set_bypass                           0x0800ac0d   Thumb Code   328  inv_mpu.o(i.mpu_set_bypass)
    mpu_set_dmp_state                        0x0800ad59   Thumb Code   138  inv_mpu.o(i.mpu_set_dmp_state)
    mpu_set_gyro_fsr                         0x0800ade9   Thumb Code   132  inv_mpu.o(i.mpu_set_gyro_fsr)
    mpu_set_int_latched                      0x0800ae71   Thumb Code   102  inv_mpu.o(i.mpu_set_int_latched)
    mpu_set_lpf                              0x0800aedd   Thumb Code   126  inv_mpu.o(i.mpu_set_lpf)
    mpu_set_sample_rate                      0x0800af61   Thumb Code   152  inv_mpu.o(i.mpu_set_sample_rate)
    mpu_set_sensors                          0x0800affd   Thumb Code   202  inv_mpu.o(i.mpu_set_sensors)
    mpu_write_mem                            0x0800b0cd   Thumb Code   122  inv_mpu.o(i.mpu_write_mem)
    set_sensor_orientation_and_scale         0x0800b3e1   Thumb Code     6  data_builder.o(i.set_sensor_orientation_and_scale)
    sinf                                     0x0800b3e9   Thumb Code   338  sinf.o(i.sinf)
    sqrtf                                    0x0800b571   Thumb Code    44  sqrtf.o(i.sqrtf)
    _get_lc_numeric                          0x0800b59d   Thumb Code    44  lc_numeric_c.o(locale$$code)
    _get_lc_ctype                            0x0800b5c9   Thumb Code    44  lc_ctype_c.o(locale$$code)
    __aeabi_d2f                              0x0800b5f5   Thumb Code     0  d2f.o(x$fpl$d2f)
    _d2f                                     0x0800b5f5   Thumb Code    98  d2f.o(x$fpl$d2f)
    __aeabi_dadd                             0x0800b659   Thumb Code     0  daddsub_clz.o(x$fpl$dadd)
    _dadd                                    0x0800b659   Thumb Code   332  daddsub_clz.o(x$fpl$dadd)
    __fpl_dcheck_NaN1                        0x0800b7a9   Thumb Code    10  dcheck1.o(x$fpl$dcheck1)
    __fpl_dcmp_Inf                           0x0800b7b9   Thumb Code    24  dcmpi.o(x$fpl$dcmpinf)
    __aeabi_ddiv                             0x0800b7d1   Thumb Code     0  ddiv.o(x$fpl$ddiv)
    _ddiv                                    0x0800b7d1   Thumb Code   552  ddiv.o(x$fpl$ddiv)
    __aeabi_d2iz                             0x0800ba81   Thumb Code     0  dfix.o(x$fpl$dfix)
    _dfix                                    0x0800ba81   Thumb Code    94  dfix.o(x$fpl$dfix)
    __aeabi_i2d                              0x0800badf   Thumb Code     0  dflt_clz.o(x$fpl$dflt)
    _dflt                                    0x0800badf   Thumb Code    46  dflt_clz.o(x$fpl$dflt)
    __aeabi_cdcmple                          0x0800bb0d   Thumb Code     0  dleqf.o(x$fpl$dleqf)
    _dcmple                                  0x0800bb0d   Thumb Code   120  dleqf.o(x$fpl$dleqf)
    __fpl_dcmple_InfNaN                      0x0800bb6f   Thumb Code     0  dleqf.o(x$fpl$dleqf)
    __aeabi_dmul                             0x0800bb85   Thumb Code     0  dmul.o(x$fpl$dmul)
    _dmul                                    0x0800bb85   Thumb Code   332  dmul.o(x$fpl$dmul)
    __fpl_dnaninf                            0x0800bcd9   Thumb Code   156  dnaninf.o(x$fpl$dnaninf)
    __fpl_dretinf                            0x0800bd75   Thumb Code    12  dretinf.o(x$fpl$dretinf)
    __aeabi_cdrcmple                         0x0800bd81   Thumb Code     0  drleqf.o(x$fpl$drleqf)
    _drcmple                                 0x0800bd81   Thumb Code   108  drleqf.o(x$fpl$drleqf)
    __aeabi_dsub                             0x0800bded   Thumb Code     0  daddsub_clz.o(x$fpl$dsub)
    _dsub                                    0x0800bded   Thumb Code   464  daddsub_clz.o(x$fpl$dsub)
    __aeabi_f2d                              0x0800bfc1   Thumb Code     0  f2d.o(x$fpl$f2d)
    _f2d                                     0x0800bfc1   Thumb Code    86  f2d.o(x$fpl$f2d)
    __aeabi_fadd                             0x0800c019   Thumb Code     0  faddsub_clz.o(x$fpl$fadd)
    _fadd                                    0x0800c019   Thumb Code   196  faddsub_clz.o(x$fpl$fadd)
    __fpl_fcheck_NaN1                        0x0800c0dd   Thumb Code     6  fcheck1.o(x$fpl$fcheck1)
    __fpl_fcmp_Inf                           0x0800c0e9   Thumb Code    24  fcmpi.o(x$fpl$fcmpinf)
    __aeabi_fdiv                             0x0800c101   Thumb Code     0  fdiv.o(x$fpl$fdiv)
    _fdiv                                    0x0800c101   Thumb Code   384  fdiv.o(x$fpl$fdiv)
    __aeabi_cfcmpeq                          0x0800c285   Thumb Code     0  feqf.o(x$fpl$feqf)
    _fcmpeq                                  0x0800c285   Thumb Code   104  feqf.o(x$fpl$feqf)
    __aeabi_f2iz                             0x0800c2ed   Thumb Code     0  ffix.o(x$fpl$ffix)
    _ffix                                    0x0800c2ed   Thumb Code    54  ffix.o(x$fpl$ffix)
    __aeabi_f2uiz                            0x0800c325   Thumb Code     0  ffixu.o(x$fpl$ffixu)
    _ffixu                                   0x0800c325   Thumb Code    62  ffixu.o(x$fpl$ffixu)
    __aeabi_i2f                              0x0800c365   Thumb Code     0  fflt_clz.o(x$fpl$fflt)
    _fflt                                    0x0800c365   Thumb Code    48  fflt_clz.o(x$fpl$fflt)
    __aeabi_ul2f                             0x0800c395   Thumb Code     0  ffltll_clz.o(x$fpl$ffltll)
    _ll_uto_f                                0x0800c395   Thumb Code     6  ffltll_clz.o(x$fpl$ffltll)
    __aeabi_l2f                              0x0800c39b   Thumb Code     0  ffltll_clz.o(x$fpl$ffltll)
    _ll_sto_f                                0x0800c39b   Thumb Code    90  ffltll_clz.o(x$fpl$ffltll)
    __aeabi_ui2f                             0x0800c3f5   Thumb Code     0  fflt_clz.o(x$fpl$ffltu)
    _ffltu                                   0x0800c3f5   Thumb Code    38  fflt_clz.o(x$fpl$ffltu)
    __aeabi_cfcmple                          0x0800c41d   Thumb Code     0  fleqf.o(x$fpl$fleqf)
    _fcmple                                  0x0800c41d   Thumb Code   104  fleqf.o(x$fpl$fleqf)
    __fpl_fcmple_InfNaN                      0x0800c46f   Thumb Code     0  fleqf.o(x$fpl$fleqf)
    __aeabi_fmul                             0x0800c485   Thumb Code     0  fmul.o(x$fpl$fmul)
    _fmul                                    0x0800c485   Thumb Code   258  fmul.o(x$fpl$fmul)
    __fpl_fnaninf                            0x0800c587   Thumb Code   140  fnaninf.o(x$fpl$fnaninf)
    __fpl_fretinf                            0x0800c613   Thumb Code    10  fretinf.o(x$fpl$fretinf)
    __aeabi_cfrcmple                         0x0800c61d   Thumb Code     0  frleqf.o(x$fpl$frleqf)
    _frcmple                                 0x0800c61d   Thumb Code    98  frleqf.o(x$fpl$frleqf)
    _frnd                                    0x0800c681   Thumb Code    96  frnd.o(x$fpl$frnd)
    __aeabi_frsub                            0x0800c6e1   Thumb Code     0  faddsub_clz.o(x$fpl$frsb)
    _frsb                                    0x0800c6e1   Thumb Code    20  faddsub_clz.o(x$fpl$frsb)
    _fsqrt                                   0x0800c6f5   Thumb Code   272  fsqrt.o(x$fpl$fsqrt)
    __aeabi_fsub                             0x0800c805   Thumb Code     0  faddsub_clz.o(x$fpl$fsub)
    _fsub                                    0x0800c805   Thumb Code   234  faddsub_clz.o(x$fpl$fsub)
    __aeabi_f2lz                             0x0800c8f1   Thumb Code     0  ffixll.o(x$fpl$llsfromf)
    _ll_sfrom_f                              0x0800c8f1   Thumb Code   134  ffixll.o(x$fpl$llsfromf)
    _printf_fp_dec                           0x0800c977   Thumb Code     4  printf1.o(x$fpl$printf1)
    _printf_fp_hex                           0x0800c97b   Thumb Code     4  printf2.o(x$fpl$printf2)
    __fpl_return_NaN                         0x0800c97f   Thumb Code   100  retnan.o(x$fpl$retnan)
    __ARM_scalbn                             0x0800c9e3   Thumb Code    92  scalbn.o(x$fpl$scalbn)
    __ARM_scalbnf                            0x0800ca3f   Thumb Code    76  scalbnf.o(x$fpl$scalbnf)
    __fpl_cmpreturn                          0x0800ca8b   Thumb Code    48  trapv.o(x$fpl$trapveneer)
    __I$use$fp                               0x0800caba   Number         0  usenofp.o(x$fpl$usenofp)
    AHBPrescTable                            0x0800cacc   Data          16  system_stm32f1xx.o(.constdata)
    APBPrescTable                            0x0800cadc   Data           8  system_stm32f1xx.o(.constdata)
    reg                                      0x0800cae4   Data          30  inv_mpu.o(.constdata)
    hw                                       0x0800cb02   Data          12  inv_mpu.o(.constdata)
    test                                     0x0800cb10   Data          40  inv_mpu.o(.constdata)
    ml_ver                                   0x0800d72e   Data          20  mpl.o(.constdata)
    Region$$Table$$Base                      0x0800d8cc   Number         0  anon$$obj.o(Region$$Table)
    Region$$Table$$Limit                     0x0800d8ec   Number         0  anon$$obj.o(Region$$Table)
    __ctype                                  0x0800d915   Data           0  lc_ctype_c.o(locale$$data)
    Pitch                                    0x20000000   Data           4  main.o(.data)
    Roll                                     0x20000004   Data           4  main.o(.data)
    Yaw                                      0x20000008   Data           4  main.o(.data)
    Temp                                     0x2000000c   Data           4  main.o(.data)
    angle                                    0x20000010   Data           2  main.o(.data)
    duty                                     0x20000012   Data           4  main.o(.data)
    Yawp                                     0x20000018   Data           4  main.o(.data)
    uwTick                                   0x2000001c   Data           4  stm32f1xx_hal.o(.data)
    uwTickPrio                               0x20000020   Data           4  stm32f1xx_hal.o(.data)
    uwTickFreq                               0x20000024   Data           1  stm32f1xx_hal.o(.data)
    SystemCoreClock                          0x20000028   Data           4  system_stm32f1xx.o(.data)
    hal_timestamp                            0x2000005c   Data           4  mpu6050.o(.data)
    mpl_key                                  0x20000060   Data           4  mpu6050.o(.data)
    toTrans                                  0x20000070   Data           9  main.o(.bss)
    hi2c1                                    0x2000007c   Data          84  i2c.o(.bss)
    huart1                                   0x200000d0   Data          72  usart.o(.bss)
    hdma_usart1_tx                           0x20000118   Data          68  usart.o(.bss)
    fnm                                      0x20000700   Data         608  fast_no_motion.o(.bss)
    s9axis                                   0x200009a0   Data         312  fusion_9axis.o(.bss)
    mag_disturb                              0x20000d08   Data         184  mag_disturb.o(.bss)
    __libspace_start                         0x20000dc0   Data          96  libspace.o(.bss)
    __temporary_stack_top$libspace           0x20000e20   Data           0  libspace.o(.bss)



==============================================================================

Memory Map of the image

  Image Entry point : 0x080000ed

  Load Region LR_IROM1 (Base: 0x08000000, Size: 0x0000da88, Max: 0x00010000, ABSOLUTE)

    Execution Region ER_IROM1 (Exec base: 0x08000000, Load base: 0x08000000, Size: 0x0000da18, Max: 0x00010000, ABSOLUTE)

    Exec Addr    Load Addr    Size         Type   Attr      Idx    E Section Name        Object

    0x08000000   0x08000000   0x000000ec   Data   RO            3    RESET               startup_stm32f103xb.o
    0x080000ec   0x080000ec   0x00000008   Code   RO         4748  * !!!main             c_w.l(__main.o)
    0x080000f4   0x080000f4   0x00000034   Code   RO         5509    !!!scatter          c_w.l(__scatter.o)
    0x08000128   0x08000128   0x0000001a   Code   RO         5511    !!handler_copy      c_w.l(__scatter_copy.o)
    0x08000142   0x08000142   0x00000002   PAD
    0x08000144   0x08000144   0x0000001c   Code   RO         5513    !!handler_zi        c_w.l(__scatter_zi.o)
    0x08000160   0x08000160   0x00000000   Code   RO         4733    .ARM.Collect$$_printf_percent$$00000000  c_w.l(_printf_percent.o)
    0x08000160   0x08000160   0x00000006   Code   RO         4994    .ARM.Collect$$_printf_percent$$00000001  c_w.l(_printf_n.o)
    0x08000166   0x08000166   0x00000006   Code   RO         4995    .ARM.Collect$$_printf_percent$$00000002  c_w.l(_printf_p.o)
    0x0800016c   0x0800016c   0x00000006   Code   RO         5000    .ARM.Collect$$_printf_percent$$00000003  c_w.l(_printf_f.o)
    0x08000172   0x08000172   0x00000006   Code   RO         5001    .ARM.Collect$$_printf_percent$$00000004  c_w.l(_printf_e.o)
    0x08000178   0x08000178   0x00000006   Code   RO         5002    .ARM.Collect$$_printf_percent$$00000005  c_w.l(_printf_g.o)
    0x0800017e   0x0800017e   0x00000006   Code   RO         5003    .ARM.Collect$$_printf_percent$$00000006  c_w.l(_printf_a.o)
    0x08000184   0x08000184   0x0000000a   Code   RO         5008    .ARM.Collect$$_printf_percent$$00000007  c_w.l(_printf_ll.o)
    0x0800018e   0x0800018e   0x00000006   Code   RO         4997    .ARM.Collect$$_printf_percent$$00000008  c_w.l(_printf_i.o)
    0x08000194   0x08000194   0x00000006   Code   RO         4998    .ARM.Collect$$_printf_percent$$00000009  c_w.l(_printf_d.o)
    0x0800019a   0x0800019a   0x00000006   Code   RO         4999    .ARM.Collect$$_printf_percent$$0000000A  c_w.l(_printf_u.o)
    0x080001a0   0x080001a0   0x00000006   Code   RO         4996    .ARM.Collect$$_printf_percent$$0000000B  c_w.l(_printf_o.o)
    0x080001a6   0x080001a6   0x00000006   Code   RO         4732    .ARM.Collect$$_printf_percent$$0000000C  c_w.l(_printf_x.o)
    0x080001ac   0x080001ac   0x00000006   Code   RO         5005    .ARM.Collect$$_printf_percent$$0000000D  c_w.l(_printf_lli.o)
    0x080001b2   0x080001b2   0x00000006   Code   RO         5006    .ARM.Collect$$_printf_percent$$0000000E  c_w.l(_printf_lld.o)
    0x080001b8   0x080001b8   0x00000006   Code   RO         5007    .ARM.Collect$$_printf_percent$$0000000F  c_w.l(_printf_llu.o)
    0x080001be   0x080001be   0x00000006   Code   RO         5012    .ARM.Collect$$_printf_percent$$00000010  c_w.l(_printf_llo.o)
    0x080001c4   0x080001c4   0x00000006   Code   RO         5013    .ARM.Collect$$_printf_percent$$00000011  c_w.l(_printf_llx.o)
    0x080001ca   0x080001ca   0x0000000a   Code   RO         5009    .ARM.Collect$$_printf_percent$$00000012  c_w.l(_printf_l.o)
    0x080001d4   0x080001d4   0x00000006   Code   RO         4992    .ARM.Collect$$_printf_percent$$00000013  c_w.l(_printf_c.o)
    0x080001da   0x080001da   0x00000006   Code   RO         4993    .ARM.Collect$$_printf_percent$$00000014  c_w.l(_printf_s.o)
    0x080001e0   0x080001e0   0x00000006   Code   RO         5010    .ARM.Collect$$_printf_percent$$00000015  c_w.l(_printf_lc.o)
    0x080001e6   0x080001e6   0x00000006   Code   RO         5011    .ARM.Collect$$_printf_percent$$00000016  c_w.l(_printf_ls.o)
    0x080001ec   0x080001ec   0x00000004   Code   RO         5004    .ARM.Collect$$_printf_percent$$00000017  c_w.l(_printf_percent_end.o)
    0x080001f0   0x080001f0   0x00000002   Code   RO         5293    .ARM.Collect$$libinit$$00000000  c_w.l(libinit.o)
    0x080001f2   0x080001f2   0x00000000   Code   RO         5295    .ARM.Collect$$libinit$$00000002  c_w.l(libinit2.o)
    0x080001f2   0x080001f2   0x00000000   Code   RO         5297    .ARM.Collect$$libinit$$00000004  c_w.l(libinit2.o)
    0x080001f2   0x080001f2   0x00000000   Code   RO         5300    .ARM.Collect$$libinit$$0000000A  c_w.l(libinit2.o)
    0x080001f2   0x080001f2   0x00000000   Code   RO         5302    .ARM.Collect$$libinit$$0000000C  c_w.l(libinit2.o)
    0x080001f2   0x080001f2   0x00000000   Code   RO         5304    .ARM.Collect$$libinit$$0000000E  c_w.l(libinit2.o)
    0x080001f2   0x080001f2   0x00000006   Code   RO         5305    .ARM.Collect$$libinit$$0000000F  c_w.l(libinit2.o)
    0x080001f8   0x080001f8   0x00000000   Code   RO         5307    .ARM.Collect$$libinit$$00000011  c_w.l(libinit2.o)
    0x080001f8   0x080001f8   0x0000000c   Code   RO         5308    .ARM.Collect$$libinit$$00000012  c_w.l(libinit2.o)
    0x08000204   0x08000204   0x00000000   Code   RO         5309    .ARM.Collect$$libinit$$00000013  c_w.l(libinit2.o)
    0x08000204   0x08000204   0x00000000   Code   RO         5311    .ARM.Collect$$libinit$$00000015  c_w.l(libinit2.o)
    0x08000204   0x08000204   0x0000000a   Code   RO         5312    .ARM.Collect$$libinit$$00000016  c_w.l(libinit2.o)
    0x0800020e   0x0800020e   0x00000000   Code   RO         5313    .ARM.Collect$$libinit$$00000017  c_w.l(libinit2.o)
    0x0800020e   0x0800020e   0x00000000   Code   RO         5315    .ARM.Collect$$libinit$$00000019  c_w.l(libinit2.o)
    0x0800020e   0x0800020e   0x00000000   Code   RO         5317    .ARM.Collect$$libinit$$0000001B  c_w.l(libinit2.o)
    0x0800020e   0x0800020e   0x00000000   Code   RO         5319    .ARM.Collect$$libinit$$0000001D  c_w.l(libinit2.o)
    0x0800020e   0x0800020e   0x00000000   Code   RO         5321    .ARM.Collect$$libinit$$0000001F  c_w.l(libinit2.o)
    0x0800020e   0x0800020e   0x00000000   Code   RO         5323    .ARM.Collect$$libinit$$00000021  c_w.l(libinit2.o)
    0x0800020e   0x0800020e   0x00000000   Code   RO         5325    .ARM.Collect$$libinit$$00000023  c_w.l(libinit2.o)
    0x0800020e   0x0800020e   0x00000000   Code   RO         5327    .ARM.Collect$$libinit$$00000025  c_w.l(libinit2.o)
    0x0800020e   0x0800020e   0x00000000   Code   RO         5331    .ARM.Collect$$libinit$$0000002C  c_w.l(libinit2.o)
    0x0800020e   0x0800020e   0x00000000   Code   RO         5333    .ARM.Collect$$libinit$$0000002E  c_w.l(libinit2.o)
    0x0800020e   0x0800020e   0x00000000   Code   RO         5335    .ARM.Collect$$libinit$$00000030  c_w.l(libinit2.o)
    0x0800020e   0x0800020e   0x00000000   Code   RO         5337    .ARM.Collect$$libinit$$00000032  c_w.l(libinit2.o)
    0x0800020e   0x0800020e   0x00000002   Code   RO         5338    .ARM.Collect$$libinit$$00000033  c_w.l(libinit2.o)
    0x08000210   0x08000210   0x00000002   Code   RO         5490    .ARM.Collect$$libshutdown$$00000000  c_w.l(libshutdown.o)
    0x08000212   0x08000212   0x00000000   Code   RO         5340    .ARM.Collect$$libshutdown$$00000002  c_w.l(libshutdown2.o)
    0x08000212   0x08000212   0x00000000   Code   RO         5342    .ARM.Collect$$libshutdown$$00000004  c_w.l(libshutdown2.o)
    0x08000212   0x08000212   0x00000000   Code   RO         5344    .ARM.Collect$$libshutdown$$00000006  c_w.l(libshutdown2.o)
    0x08000212   0x08000212   0x00000000   Code   RO         5347    .ARM.Collect$$libshutdown$$00000009  c_w.l(libshutdown2.o)
    0x08000212   0x08000212   0x00000000   Code   RO         5350    .ARM.Collect$$libshutdown$$0000000C  c_w.l(libshutdown2.o)
    0x08000212   0x08000212   0x00000000   Code   RO         5352    .ARM.Collect$$libshutdown$$0000000E  c_w.l(libshutdown2.o)
    0x08000212   0x08000212   0x00000000   Code   RO         5355    .ARM.Collect$$libshutdown$$00000011  c_w.l(libshutdown2.o)
    0x08000212   0x08000212   0x00000002   Code   RO         5356    .ARM.Collect$$libshutdown$$00000012  c_w.l(libshutdown2.o)
    0x08000214   0x08000214   0x00000000   Code   RO         4960    .ARM.Collect$$rtentry$$00000000  c_w.l(__rtentry.o)
    0x08000214   0x08000214   0x00000000   Code   RO         5108    .ARM.Collect$$rtentry$$00000002  c_w.l(__rtentry2.o)
    0x08000214   0x08000214   0x00000006   Code   RO         5120    .ARM.Collect$$rtentry$$00000004  c_w.l(__rtentry4.o)
    0x0800021a   0x0800021a   0x00000000   Code   RO         5110    .ARM.Collect$$rtentry$$00000009  c_w.l(__rtentry2.o)
    0x0800021a   0x0800021a   0x00000004   Code   RO         5111    .ARM.Collect$$rtentry$$0000000A  c_w.l(__rtentry2.o)
    0x0800021e   0x0800021e   0x00000000   Code   RO         5113    .ARM.Collect$$rtentry$$0000000C  c_w.l(__rtentry2.o)
    0x0800021e   0x0800021e   0x00000008   Code   RO         5114    .ARM.Collect$$rtentry$$0000000D  c_w.l(__rtentry2.o)
    0x08000226   0x08000226   0x00000002   Code   RO         5366    .ARM.Collect$$rtexit$$00000000  c_w.l(rtexit.o)
    0x08000228   0x08000228   0x00000000   Code   RO         5431    .ARM.Collect$$rtexit$$00000002  c_w.l(rtexit2.o)
    0x08000228   0x08000228   0x00000004   Code   RO         5432    .ARM.Collect$$rtexit$$00000003  c_w.l(rtexit2.o)
    0x0800022c   0x0800022c   0x00000006   Code   RO         5433    .ARM.Collect$$rtexit$$00000004  c_w.l(rtexit2.o)
    0x08000232   0x08000232   0x00000002   PAD
    0x08000234   0x08000234   0x00000040   Code   RO            4    .text               startup_stm32f103xb.o
    0x08000274   0x08000274   0x000009f4   Code   RO         4494    .text               libmpllib.lib(fast_no_motion.o)
    0x08000c68   0x08000c68   0x0000065c   Code   RO         4585    .text               libmpllib.lib(fusion_9axis.o)
    0x080012c4   0x080012c4   0x000004bc   Code   RO         4610    .text               libmpllib.lib(gyro_tc.o)
    0x08001780   0x08001780   0x00000940   Code   RO         4631    .text               libmpllib.lib(quaternion_supervisor.o)
    0x080020c0   0x080020c0   0x00000550   Code   RO         4649    .text               libmpllib.lib(mag_disturb.o)
    0x08002610   0x08002610   0x00000026   Code   RO         4673    .text               c_w.l(llshl.o)
    0x08002636   0x08002636   0x00000026   Code   RO         4677    .text               c_w.l(llsshr.o)
    0x0800265c   0x0800265c   0x00000048   Code   RO         4679    .text               c_w.l(llsdiv.o)
    0x080026a4   0x080026a4   0x00000024   Code   RO         4681    .text               c_w.l(vsprintf.o)
    0x080026c8   0x080026c8   0x0000004e   Code   RO         4689    .text               c_w.l(_printf_pad.o)
    0x08002716   0x08002716   0x00000002   PAD
    0x08002718   0x08002718   0x00000094   Code   RO         4709    .text               c_w.l(_printf_hex_int_ll_ptr.o)
    0x080027ac   0x080027ac   0x00000188   Code   RO         4729    .text               c_w.l(__printf_flags_ss_wp.o)
    0x08002934   0x08002934   0x00000058   Code   RO         4734    .text               c_w.l(memcmp.o)
    0x0800298c   0x0800298c   0x0000008a   Code   RO         4736    .text               c_w.l(rt_memcpy_v6.o)
    0x08002a16   0x08002a16   0x0000007a   Code   RO         4738    .text               c_w.l(rt_memmove_w.o)
    0x08002a90   0x08002a90   0x00000010   Code   RO         4740    .text               c_w.l(aeabi_memset.o)
    0x08002aa0   0x08002aa0   0x00000044   Code   RO         4742    .text               c_w.l(rt_memclr.o)
    0x08002ae4   0x08002ae4   0x0000004e   Code   RO         4744    .text               c_w.l(rt_memclr_w.o)
    0x08002b32   0x08002b32   0x00000006   Code   RO         4746    .text               c_w.l(heapauxi.o)
    0x08002b38   0x08002b38   0x000000ee   Code   RO         4961    .text               c_w.l(lludivv7m.o)
    0x08002c26   0x08002c26   0x00000016   Code   RO         4963    .text               c_w.l(_rserrno.o)
    0x08002c3c   0x08002c3c   0x00000024   Code   RO         4965    .text               c_w.l(_printf_truncate.o)
    0x08002c60   0x08002c60   0x00000052   Code   RO         4967    .text               c_w.l(_printf_str.o)
    0x08002cb2   0x08002cb2   0x000000b2   Code   RO         4969    .text               c_w.l(_printf_intcommon.o)
    0x08002d64   0x08002d64   0x00000078   Code   RO         4971    .text               c_w.l(_printf_dec.o)
    0x08002ddc   0x08002ddc   0x00000028   Code   RO         4973    .text               c_w.l(_printf_charcount.o)
    0x08002e04   0x08002e04   0x00000030   Code   RO         4975    .text               c_w.l(_printf_char_common.o)
    0x08002e34   0x08002e34   0x0000000a   Code   RO         4977    .text               c_w.l(_sputc.o)
    0x08002e3e   0x08002e3e   0x00000002   PAD
    0x08002e40   0x08002e40   0x000000bc   Code   RO         4981    .text               c_w.l(_printf_wctomb.o)
    0x08002efc   0x08002efc   0x0000007c   Code   RO         4984    .text               c_w.l(_printf_longlong_dec.o)
    0x08002f78   0x08002f78   0x00000070   Code   RO         4990    .text               c_w.l(_printf_oct_int_ll.o)
    0x08002fe8   0x08002fe8   0x00000064   Code   RO         5020    .text               c_w.l(rt_memcpy_w.o)
    0x0800304c   0x0800304c   0x00000008   Code   RO         5129    .text               c_w.l(rt_errno_addr_intlibspace.o)
    0x08003054   0x08003054   0x0000008a   Code   RO         5131    .text               c_w.l(lludiv10.o)
    0x080030de   0x080030de   0x0000041e   Code   RO         5133    .text               c_w.l(_printf_fp_dec.o)
    0x080034fc   0x080034fc   0x000002fc   Code   RO         5135    .text               c_w.l(_printf_fp_hex.o)
    0x080037f8   0x080037f8   0x0000002c   Code   RO         5140    .text               c_w.l(_printf_char.o)
    0x08003824   0x08003824   0x0000002c   Code   RO         5142    .text               c_w.l(_printf_wchar.o)
    0x08003850   0x08003850   0x00000040   Code   RO         5158    .text               c_w.l(_wcrtomb.o)
    0x08003890   0x08003890   0x00000008   Code   RO         5167    .text               c_w.l(libspace.o)
    0x08003898   0x08003898   0x0000004a   Code   RO         5172    .text               c_w.l(sys_stackheap_outer.o)
    0x080038e2   0x080038e2   0x00000002   PAD
    0x080038e4   0x080038e4   0x00000010   Code   RO         5174    .text               c_w.l(rt_ctype_table.o)
    0x080038f4   0x080038f4   0x00000008   Code   RO         5181    .text               c_w.l(rt_locale_intlibspace.o)
    0x080038fc   0x080038fc   0x00000080   Code   RO         5239    .text               c_w.l(_printf_fp_infnan.o)
    0x0800397c   0x0800397c   0x000000e4   Code   RO         5241    .text               c_w.l(bigflt0.o)
    0x08003a60   0x08003a60   0x00000012   Code   RO         5282    .text               c_w.l(exit.o)
    0x08003a72   0x08003a72   0x00000002   Code   RO         5363    .text               c_w.l(use_no_semi.o)
    0x08003a74   0x08003a74   0x00000000   Code   RO         5365    .text               c_w.l(indicate_semi.o)
    0x08003a74   0x08003a74   0x00000080   Code   RO         5422    .text               c_w.l(strcmpv7m.o)
    0x08003af4   0x08003af4   0x0000000c   Code   RO         5428    .text               c_w.l(sys_exit.o)
    0x08003b00   0x08003b00   0x0000003e   Code   RO         5244    CL$$btod_d2e        c_w.l(btod.o)
    0x08003b3e   0x08003b3e   0x00000046   Code   RO         5246    CL$$btod_d2e_denorm_low  c_w.l(btod.o)
    0x08003b84   0x08003b84   0x00000060   Code   RO         5245    CL$$btod_d2e_norm_op1  c_w.l(btod.o)
    0x08003be4   0x08003be4   0x00000338   Code   RO         5254    CL$$btod_div_common  c_w.l(btod.o)
    0x08003f1c   0x08003f1c   0x000000dc   Code   RO         5251    CL$$btod_e2e        c_w.l(btod.o)
    0x08003ff8   0x08003ff8   0x0000002a   Code   RO         5248    CL$$btod_ediv       c_w.l(btod.o)
    0x08004022   0x08004022   0x0000002a   Code   RO         5247    CL$$btod_emul       c_w.l(btod.o)
    0x0800404c   0x0800404c   0x00000244   Code   RO         5253    CL$$btod_mult_common  c_w.l(btod.o)
    0x08004290   0x08004290   0x00000004   Code   RO          302    i.BusFault_Handler  stm32f1xx_it.o
    0x08004294   0x08004294   0x00000010   Code   RO          303    i.DMA1_Channel4_IRQHandler  stm32f1xx_it.o
    0x080042a4   0x080042a4   0x00000002   Code   RO          304    i.DebugMon_Handler  stm32f1xx_it.o
    0x080042a6   0x080042a6   0x0000000a   Code   RO          305    i.EXTI0_IRQHandler  stm32f1xx_it.o
    0x080042b0   0x080042b0   0x00000006   Code   RO           13    i.Error_Handler     main.o
    0x080042b6   0x080042b6   0x00000056   Code   RO         1319    i.HAL_DMA_Abort     stm32f1xx_hal_dma.o
    0x0800430c   0x0800430c   0x000000b0   Code   RO         1320    i.HAL_DMA_Abort_IT  stm32f1xx_hal_dma.o
    0x080043bc   0x080043bc   0x0000019c   Code   RO         1324    i.HAL_DMA_IRQHandler  stm32f1xx_hal_dma.o
    0x08004558   0x08004558   0x00000068   Code   RO         1325    i.HAL_DMA_Init      stm32f1xx_hal_dma.o
    0x080045c0   0x080045c0   0x00000028   Code   RO          940    i.HAL_Delay         stm32f1xx_hal.o
    0x080045e8   0x080045e8   0x000001e0   Code   RO           14    i.HAL_GPIO_EXTI_Callback  main.o
    0x080047c8   0x080047c8   0x0000001c   Code   RO         1254    i.HAL_GPIO_EXTI_IRQHandler  stm32f1xx_hal_gpio.o
    0x080047e4   0x080047e4   0x00000320   Code   RO         1255    i.HAL_GPIO_Init     stm32f1xx_hal_gpio.o
    0x08004b04   0x08004b04   0x0000000c   Code   RO         1259    i.HAL_GPIO_WritePin  stm32f1xx_hal_gpio.o
    0x08004b10   0x08004b10   0x0000000c   Code   RO          944    i.HAL_GetTick       stm32f1xx_hal.o
    0x08004b1c   0x08004b1c   0x00000008   Code   RO          466    i.HAL_I2C_GetState  stm32f1xx_hal_i2c.o
    0x08004b24   0x08004b24   0x000001d0   Code   RO          467    i.HAL_I2C_Init      stm32f1xx_hal_i2c.o
    0x08004cf4   0x08004cf4   0x000001b8   Code   RO          468    i.HAL_I2C_IsDeviceReady  stm32f1xx_hal_i2c.o
    0x08004eac   0x08004eac   0x00000374   Code   RO          485    i.HAL_I2C_Mem_Read  stm32f1xx_hal_i2c.o
    0x08005220   0x08005220   0x00000164   Code   RO          488    i.HAL_I2C_Mem_Write  stm32f1xx_hal_i2c.o
    0x08005384   0x08005384   0x0000008c   Code   RO          219    i.HAL_I2C_MspInit   i2c.o
    0x08005410   0x08005410   0x00000018   Code   RO          950    i.HAL_IncTick       stm32f1xx_hal.o
    0x08005428   0x08005428   0x00000028   Code   RO          951    i.HAL_Init          stm32f1xx_hal.o
    0x08005450   0x08005450   0x0000004c   Code   RO          952    i.HAL_InitTick      stm32f1xx_hal.o
    0x0800549c   0x0800549c   0x00000054   Code   RO          396    i.HAL_MspInit       stm32f1xx_hal_msp.o
    0x080054f0   0x080054f0   0x00000020   Code   RO         1415    i.HAL_NVIC_EnableIRQ  stm32f1xx_hal_cortex.o
    0x08005510   0x08005510   0x0000007c   Code   RO         1421    i.HAL_NVIC_SetPriority  stm32f1xx_hal_cortex.o
    0x0800558c   0x0800558c   0x00000028   Code   RO         1422    i.HAL_NVIC_SetPriorityGrouping  stm32f1xx_hal_cortex.o
    0x080055b4   0x080055b4   0x0000018c   Code   RO         1108    i.HAL_RCC_ClockConfig  stm32f1xx_hal_rcc.o
    0x08005740   0x08005740   0x0000000c   Code   RO         1113    i.HAL_RCC_GetHCLKFreq  stm32f1xx_hal_rcc.o
    0x0800574c   0x0800574c   0x00000020   Code   RO         1115    i.HAL_RCC_GetPCLK1Freq  stm32f1xx_hal_rcc.o
    0x0800576c   0x0800576c   0x00000020   Code   RO         1116    i.HAL_RCC_GetPCLK2Freq  stm32f1xx_hal_rcc.o
    0x0800578c   0x0800578c   0x00000070   Code   RO         1117    i.HAL_RCC_GetSysClockFreq  stm32f1xx_hal_rcc.o
    0x080057fc   0x080057fc   0x00000464   Code   RO         1120    i.HAL_RCC_OscConfig  stm32f1xx_hal_rcc.o
    0x08005c60   0x08005c60   0x00000034   Code   RO         1426    i.HAL_SYSTICK_Config  stm32f1xx_hal_cortex.o
    0x08005c94   0x08005c94   0x00000002   Code   RO         1989    i.HAL_UARTEx_RxEventCallback  stm32f1xx_hal_uart.o
    0x08005c96   0x08005c96   0x00000002   Code   RO         2003    i.HAL_UART_ErrorCallback  stm32f1xx_hal_uart.o
    0x08005c98   0x08005c98   0x000002e4   Code   RO         2006    i.HAL_UART_IRQHandler  stm32f1xx_hal_uart.o
    0x08005f7c   0x08005f7c   0x00000076   Code   RO         2007    i.HAL_UART_Init     stm32f1xx_hal_uart.o
    0x08005ff2   0x08005ff2   0x00000002   PAD
    0x08005ff4   0x08005ff4   0x000000d0   Code   RO          261    i.HAL_UART_MspInit  usart.o
    0x080060c4   0x080060c4   0x00000002   Code   RO         2013    i.HAL_UART_RxCpltCallback  stm32f1xx_hal_uart.o
    0x080060c6   0x080060c6   0x000000be   Code   RO         2015    i.HAL_UART_Transmit  stm32f1xx_hal_uart.o
    0x08006184   0x08006184   0x00000038   Code   RO         2017    i.HAL_UART_Transmit_IT  stm32f1xx_hal_uart.o
    0x080061bc   0x080061bc   0x00000002   Code   RO         2018    i.HAL_UART_TxCpltCallback  stm32f1xx_hal_uart.o
    0x080061be   0x080061be   0x00000004   Code   RO          306    i.HardFault_Handler  stm32f1xx_it.o
    0x080061c2   0x080061c2   0x0000003e   Code   RO          511    i.I2C_IsAcknowledgeFailed  stm32f1xx_hal_i2c.o
    0x08006200   0x08006200   0x00000160   Code   RO          522    i.I2C_RequestMemoryRead  stm32f1xx_hal_i2c.o
    0x08006360   0x08006360   0x000000e0   Code   RO          523    i.I2C_RequestMemoryWrite  stm32f1xx_hal_i2c.o
    0x08006440   0x08006440   0x00000066   Code   RO          531    i.I2C_WaitOnBTFFlagUntilTimeout  stm32f1xx_hal_i2c.o
    0x080064a6   0x080064a6   0x000000be   Code   RO          532    i.I2C_WaitOnFlagUntilTimeout  stm32f1xx_hal_i2c.o
    0x08006564   0x08006564   0x000000fa   Code   RO          533    i.I2C_WaitOnMasterAddressFlagUntilTimeout  stm32f1xx_hal_i2c.o
    0x0800665e   0x0800665e   0x0000008a   Code   RO          534    i.I2C_WaitOnRXNEFlagUntilTimeout  stm32f1xx_hal_i2c.o
    0x080066e8   0x080066e8   0x00000066   Code   RO          537    i.I2C_WaitOnTXEFlagUntilTimeout  stm32f1xx_hal_i2c.o
    0x0800674e   0x0800674e   0x00000002   PAD
    0x08006750   0x08006750   0x00000170   Code   RO         4068    i.MPU6050_Get_Euler_Temputer  mpu6050.o
    0x080068c0   0x080068c0   0x00000034   Code   RO          194    i.MX_DMA_Init       dma.o
    0x080068f4   0x080068f4   0x000000d4   Code   RO          170    i.MX_GPIO_Init      gpio.o
    0x080069c8   0x080069c8   0x0000003c   Code   RO          220    i.MX_I2C1_Init      i2c.o
    0x08006a04   0x08006a04   0x00000038   Code   RO          262    i.MX_USART1_UART_Init  usart.o
    0x08006a3c   0x08006a3c   0x00000004   Code   RO          307    i.MemManage_Handler  stm32f1xx_it.o
    0x08006a40   0x08006a40   0x00000004   Code   RO          308    i.NMI_Handler       stm32f1xx_it.o
    0x08006a44   0x08006a44   0x00000002   Code   RO          309    i.PendSV_Handler    stm32f1xx_it.o
    0x08006a46   0x08006a46   0x00000002   PAD
    0x08006a48   0x08006a48   0x00000028   Code   RO         1121    i.RCC_Delay         stm32f1xx_hal_rcc.o
    0x08006a70   0x08006a70   0x00000002   Code   RO          310    i.SVC_Handler       stm32f1xx_it.o
    0x08006a72   0x08006a72   0x00000002   PAD
    0x08006a74   0x08006a74   0x00000068   Code   RO         4069    i.Sensors_I2C_ReadRegister  mpu6050.o
    0x08006adc   0x08006adc   0x00000068   Code   RO         4070    i.Sensors_I2C_WriteRegister  mpu6050.o
    0x08006b44   0x08006b44   0x00000008   Code   RO          311    i.SysTick_Handler   stm32f1xx_it.o
    0x08006b4c   0x08006b4c   0x00000066   Code   RO           15    i.SystemClock_Config  main.o
    0x08006bb2   0x08006bb2   0x00000002   Code   RO         2351    i.SystemInit        system_stm32f1xx.o
    0x08006bb4   0x08006bb4   0x00000014   Code   RO         2020    i.UART_DMAAbortOnError  stm32f1xx_hal_uart.o
    0x08006bc8   0x08006bc8   0x0000006c   Code   RO         2030    i.UART_EndRxTransfer  stm32f1xx_hal_uart.o
    0x08006c34   0x08006c34   0x00000020   Code   RO         2031    i.UART_EndTransmit_IT  stm32f1xx_hal_uart.o
    0x08006c54   0x08006c54   0x000000fc   Code   RO         2033    i.UART_Receive_IT   stm32f1xx_hal_uart.o
    0x08006d50   0x08006d50   0x000000fc   Code   RO         2034    i.UART_SetConfig    stm32f1xx_hal_uart.o
    0x08006e4c   0x08006e4c   0x00000060   Code   RO         2037    i.UART_Transmit_IT  stm32f1xx_hal_uart.o
    0x08006eac   0x08006eac   0x0000008c   Code   RO         2038    i.UART_WaitOnFlagUntilTimeout  stm32f1xx_hal_uart.o
    0x08006f38   0x08006f38   0x00000010   Code   RO          312    i.USART1_IRQHandler  stm32f1xx_it.o
    0x08006f48   0x08006f48   0x00000004   Code   RO          313    i.UsageFault_Handler  stm32f1xx_it.o
    0x08006f4c   0x08006f4c   0x000000c8   Code   RO         3605    i._MLPrintLog       log_stm32.o
    0x08007014   0x08007014   0x00000028   Code   RO         5072    i.__ARM_fpclassify  m_ws.l(fpclassify.o)
    0x0800703c   0x0800703c   0x00000026   Code   RO         5074    i.__ARM_fpclassifyf  m_ws.l(fpclassifyf.o)
    0x08007062   0x08007062   0x00000002   PAD
    0x08007064   0x08007064   0x00000010   Code   RO         1428    i.__NVIC_GetPriorityGrouping  stm32f1xx_hal_cortex.o
    0x08007074   0x08007074   0x00000028   Code   RO         1429    i.__NVIC_SetPriority  stm32f1xx_hal_cortex.o
    0x0800709c   0x0800709c   0x00000006   Code   RO         5077    i.__mathlib_flt_infnan  m_ws.l(funder.o)
    0x080070a2   0x080070a2   0x00000004   Code   RO         5078    i.__mathlib_flt_infnan2  m_ws.l(funder.o)
    0x080070a6   0x080070a6   0x00000008   Code   RO         5079    i.__mathlib_flt_invalid  m_ws.l(funder.o)
    0x080070ae   0x080070ae   0x0000000a   Code   RO         5082    i.__mathlib_flt_underflow  m_ws.l(funder.o)
    0x080070b8   0x080070b8   0x00000168   Code   RO         5098    i.__mathlib_rredf2  m_ws.l(rredf.o)
    0x08007220   0x08007220   0x00000034   Code   RO         4027    i.__print_result_location  mpl.o
    0x08007254   0x08007254   0x0000000e   Code   RO         4722    i._is_digit         c_w.l(__printf_wp.o)
    0x08007262   0x08007262   0x00000002   PAD
    0x08007264   0x08007264   0x000000c0   Code   RO         3068    i.accel_self_test   inv_mpu.o
    0x08007324   0x08007324   0x0000011c   Code   RO         4833    i.acosf             m_ws.l(acosf.o)
    0x08007440   0x08007440   0x000002a4   Code   RO         4877    i.atan2f            m_ws.l(atan2f.o)
    0x080076e4   0x080076e4   0x0000017c   Code   RO         4897    i.cosf              m_ws.l(cosf.o)
    0x08007860   0x08007860   0x00000064   Code   RO         3404    i.decode_gesture    inv_mpu_dmp_motion_driver.o
    0x080078c4   0x080078c4   0x0000003c   Code   RO         3405    i.dmp_enable_6x_lp_quat  inv_mpu_dmp_motion_driver.o
    0x08007900   0x08007900   0x0000021c   Code   RO         3406    i.dmp_enable_feature  inv_mpu_dmp_motion_driver.o
    0x08007b1c   0x08007b1c   0x00000058   Code   RO         3407    i.dmp_enable_gyro_cal  inv_mpu_dmp_motion_driver.o
    0x08007b74   0x08007b74   0x0000003c   Code   RO         3408    i.dmp_enable_lp_quat  inv_mpu_dmp_motion_driver.o
    0x08007bb0   0x08007bb0   0x00000018   Code   RO         3413    i.dmp_load_motion_driver_firmware  inv_mpu_dmp_motion_driver.o
    0x08007bc8   0x08007bc8   0x000001cc   Code   RO         3414    i.dmp_read_fifo     inv_mpu_dmp_motion_driver.o
    0x08007d94   0x08007d94   0x00000070   Code   RO         3418    i.dmp_set_fifo_rate  inv_mpu_dmp_motion_driver.o
    0x08007e04   0x08007e04   0x00000138   Code   RO         3421    i.dmp_set_orientation  inv_mpu_dmp_motion_driver.o
    0x08007f3c   0x08007f3c   0x00000038   Code   RO         3424    i.dmp_set_shake_reject_thresh  inv_mpu_dmp_motion_driver.o
    0x08007f74   0x08007f74   0x00000026   Code   RO         3425    i.dmp_set_shake_reject_time  inv_mpu_dmp_motion_driver.o
    0x08007f9a   0x08007f9a   0x00000026   Code   RO         3426    i.dmp_set_shake_reject_timeout  inv_mpu_dmp_motion_driver.o
    0x08007fc0   0x08007fc0   0x00000046   Code   RO         3427    i.dmp_set_tap_axes  inv_mpu_dmp_motion_driver.o
    0x08008006   0x08008006   0x00000026   Code   RO         3428    i.dmp_set_tap_count  inv_mpu_dmp_motion_driver.o
    0x0800802c   0x0800802c   0x000001a0   Code   RO         3429    i.dmp_set_tap_thresh  inv_mpu_dmp_motion_driver.o
    0x080081cc   0x080081cc   0x00000026   Code   RO         3430    i.dmp_set_tap_time  inv_mpu_dmp_motion_driver.o
    0x080081f2   0x080081f2   0x00000026   Code   RO         3431    i.dmp_set_tap_time_multi  inv_mpu_dmp_motion_driver.o
    0x08008218   0x08008218   0x00000018   Code   RO         4071    i.fputcc            mpu6050.o
    0x08008230   0x08008230   0x000000b4   Code   RO         3069    i.get_accel_prod_shift  inv_mpu.o
    0x080082e4   0x080082e4   0x0000046c   Code   RO         3070    i.get_st_biases     inv_mpu.o
    0x08008750   0x08008750   0x0000000e   Code   RO         4072    i.get_tick_count    mpu6050.o
    0x0800875e   0x0800875e   0x00000002   PAD
    0x08008760   0x08008760   0x0000002c   Code   RO         4073    i.gyro_data_ready_cb  mpu6050.o
    0x0800878c   0x0800878c   0x0000012c   Code   RO         3071    i.gyro_self_test    inv_mpu.o
    0x080088b8   0x080088b8   0x0000006a   Code   RO         2385    i.inv_apply_calibration  data_builder.o
    0x08008922   0x08008922   0x00000002   PAD
    0x08008924   0x08008924   0x0000008c   Code   RO         2386    i.inv_build_accel   data_builder.o
    0x080089b0   0x080089b0   0x00000038   Code   RO         2388    i.inv_build_gyro    data_builder.o
    0x080089e8   0x080089e8   0x00000040   Code   RO         2389    i.inv_build_quat    data_builder.o
    0x08008a28   0x08008a28   0x0000002c   Code   RO         2390    i.inv_build_temp    data_builder.o
    0x08008a54   0x08008a54   0x000000a2   Code   RO         3667    i.inv_compass_angle  ml_math_func.o
    0x08008af6   0x08008af6   0x00000072   Code   RO         3669    i.inv_convert_to_body_with_scale  ml_math_func.o
    0x08008b68   0x08008b68   0x00000050   Code   RO         2392    i.inv_db_load_func  data_builder.o
    0x08008bb8   0x08008bb8   0x00000018   Code   RO         2393    i.inv_db_save_func  data_builder.o
    0x08008bd0   0x08008bd0   0x00000010   Code   RO         2394    i.inv_disable_compass_soft_iron_matrix  data_builder.o
    0x08008be0   0x08008be0   0x0000001c   Code   RO         2865    i.inv_enable_eMPL_outputs  empl_outputs.o
    0x08008bfc   0x08008bfc   0x00000020   Code   RO         4184    i.inv_enable_results_holder  results_holder.o
    0x08008c1c   0x08008c1c   0x0000002c   Code   RO         4419    i.inv_execute_mpl_start_notification  start_manager.o
    0x08008c48   0x08008c48   0x000000a0   Code   RO         2396    i.inv_execute_on_data  data_builder.o
    0x08008ce8   0x08008ce8   0x000000f0   Code   RO         2866    i.inv_generate_eMPL_outputs  empl_outputs.o
    0x08008dd8   0x08008dd8   0x00000010   Code   RO         4185    i.inv_generate_results  results_holder.o
    0x08008de8   0x08008de8   0x00000018   Code   RO         4186    i.inv_get_6axis_quaternion  results_holder.o
    0x08008e00   0x08008e00   0x0000000c   Code   RO         4187    i.inv_get_acc_state  results_holder.o
    0x08008e0c   0x08008e0c   0x0000000c   Code   RO         2397    i.inv_get_accel_accuracy  data_builder.o
    0x08008e18   0x08008e18   0x00000010   Code   RO         2399    i.inv_get_accel_on  data_builder.o
    0x08008e28   0x08008e28   0x0000002c   Code   RO         2403    i.inv_get_accel_set  data_builder.o
    0x08008e54   0x08008e54   0x00000018   Code   RO         4191    i.inv_get_compass_correction  results_holder.o
    0x08008e6c   0x08008e6c   0x00000010   Code   RO         2406    i.inv_get_compass_on  data_builder.o
    0x08008e7c   0x08008e7c   0x00000060   Code   RO         4193    i.inv_get_gravity   results_holder.o
    0x08008edc   0x08008edc   0x00000010   Code   RO         2414    i.inv_get_gyro      data_builder.o
    0x08008eec   0x08008eec   0x0000000c   Code   RO         2415    i.inv_get_gyro_accuracy  data_builder.o
    0x08008ef8   0x08008ef8   0x00000024   Code   RO         2416    i.inv_get_gyro_bias  data_builder.o
    0x08008f1c   0x08008f1c   0x00000020   Code   RO         2417    i.inv_get_gyro_bias_tc_set  data_builder.o
    0x08008f3c   0x08008f3c   0x00000010   Code   RO         2418    i.inv_get_gyro_on   data_builder.o
    0x08008f4c   0x08008f4c   0x0000001c   Code   RO         3673    i.inv_get_gyro_sum_of_sqr  ml_math_func.o
    0x08008f68   0x08008f68   0x00000068   Code   RO         2424    i.inv_get_last_timestamp  data_builder.o
    0x08008fd0   0x08008fd0   0x0000003c   Code   RO         4197    i.inv_get_linear_accel  results_holder.o
    0x0800900c   0x0800900c   0x00000010   Code   RO         4199    i.inv_get_local_field  results_holder.o
    0x0800901c   0x0800901c   0x0000001c   Code   RO         2425    i.inv_get_mag_accuracy  data_builder.o
    0x08009038   0x08009038   0x00000014   Code   RO         4201    i.inv_get_motion_state  results_holder.o
    0x0800904c   0x0800904c   0x0000003c   Code   RO         4202    i.inv_get_quaternion  results_holder.o
    0x08009088   0x08009088   0x00000044   Code   RO         4204    i.inv_get_quaternion_set  results_holder.o
    0x080090cc   0x080090cc   0x00000230   Code   RO         2869    i.inv_get_sensor_type_euler  empl_outputs.o
    0x080092fc   0x080092fc   0x0000000c   Code   RO         4206    i.inv_got_compass_bias  results_holder.o
    0x08009308   0x08009308   0x0000003c   Code   RO         2428    i.inv_init_data_builder  data_builder.o
    0x08009344   0x08009344   0x00000014   Code   RO         2874    i.inv_init_eMPL_outputs  empl_outputs.o
    0x08009358   0x08009358   0x0000008c   Code   RO         4029    i.inv_init_mpl      mpl.o
    0x080093e4   0x080093e4   0x00000038   Code   RO         4207    i.inv_init_results_holder  results_holder.o
    0x0800941c   0x0800941c   0x00000014   Code   RO         4420    i.inv_init_start_manager  start_manager.o
    0x08009430   0x08009430   0x00000018   Code   RO         4453    i.inv_init_storage_manager  storage_manager.o
    0x08009448   0x08009448   0x00000028   Code   RO         3682    i.inv_orientation_matrix_to_scalar  ml_math_func.o
    0x08009470   0x08009470   0x00000012   Code   RO         3683    i.inv_q29_mult      ml_math_func.o
    0x08009482   0x08009482   0x00000012   Code   RO         3685    i.inv_q30_mult      ml_math_func.o
    0x08009494   0x08009494   0x00000016   Code   RO         3687    i.inv_q30_to_float  ml_math_func.o
    0x080094aa   0x080094aa   0x00000024   Code   RO         3688    i.inv_q_add         ml_math_func.o
    0x080094ce   0x080094ce   0x00000032   Code   RO         3689    i.inv_q_addf        ml_math_func.o
    0x08009500   0x08009500   0x00000018   Code   RO         3690    i.inv_q_invert      ml_math_func.o
    0x08009518   0x08009518   0x0000001e   Code   RO         3691    i.inv_q_invertf     ml_math_func.o
    0x08009536   0x08009536   0x000000b2   Code   RO         3692    i.inv_q_mult        ml_math_func.o
    0x080095e8   0x080095e8   0x0000010e   Code   RO         3693    i.inv_q_multf       ml_math_func.o
    0x080096f6   0x080096f6   0x00000092   Code   RO         3694    i.inv_q_norm4       ml_math_func.o
    0x08009788   0x08009788   0x0000016e   Code   RO         3696    i.inv_q_normalizef  ml_math_func.o
    0x080098f6   0x080098f6   0x00000042   Code   RO         3697    i.inv_q_rotate      ml_math_func.o
    0x08009938   0x08009938   0x000000da   Code   RO         3699    i.inv_quaternion_to_rotation  ml_math_func.o
    0x08009a12   0x08009a12   0x00000002   PAD
    0x08009a14   0x08009a14   0x000000f8   Code   RO         2431    i.inv_register_data_cb  data_builder.o
    0x08009b0c   0x08009b0c   0x00000090   Code   RO         4455    i.inv_register_load_store  storage_manager.o
    0x08009b9c   0x08009b9c   0x0000002c   Code   RO         4421    i.inv_register_mpl_start_notification  start_manager.o
    0x08009bc8   0x08009bc8   0x0000004c   Code   RO         2432    i.inv_reset_compass_soft_iron_matrix  data_builder.o
    0x08009c14   0x08009c14   0x0000004e   Code   RO         3701    i.inv_row_2_scale   ml_math_func.o
    0x08009c62   0x08009c62   0x00000002   PAD
    0x08009c64   0x08009c64   0x0000004c   Code   RO         2435    i.inv_set_accel_bias  data_builder.o
    0x08009cb0   0x08009cb0   0x00000018   Code   RO         2437    i.inv_set_accel_orientation_and_scale  data_builder.o
    0x08009cc8   0x08009cc8   0x0000002c   Code   RO         2438    i.inv_set_accel_sample_rate  data_builder.o
    0x08009cf4   0x08009cf4   0x0000000c   Code   RO         4212    i.inv_set_compass_bias_found  results_holder.o
    0x08009d00   0x08009d00   0x00000024   Code   RO         4213    i.inv_set_compass_correction  results_holder.o
    0x08009d24   0x08009d24   0x0000000c   Code   RO         2441    i.inv_set_compass_disturbance  data_builder.o
    0x08009d30   0x08009d30   0x00000120   Code   RO         2447    i.inv_set_contiguous  data_builder.o
    0x08009e50   0x08009e50   0x00000074   Code   RO         2449    i.inv_set_gyro_bias  data_builder.o
    0x08009ec4   0x08009ec4   0x00000018   Code   RO         2450    i.inv_set_gyro_orientation_and_scale  data_builder.o
    0x08009edc   0x08009edc   0x00000028   Code   RO         2451    i.inv_set_gyro_sample_rate  data_builder.o
    0x08009f04   0x08009f04   0x0000001c   Code   RO         3642    i.inv_set_message   message_layer.o
    0x08009f20   0x08009f20   0x00000050   Code   RO         4219    i.inv_set_motion_state  results_holder.o
    0x08009f70   0x08009f70   0x00000014   Code   RO         2875    i.inv_start_eMPL_outputs  empl_outputs.o
    0x08009f84   0x08009f84   0x00000048   Code   RO         4030    i.inv_start_mpl     mpl.o
    0x08009fcc   0x08009fcc   0x00000018   Code   RO         4220    i.inv_start_results_holder  results_holder.o
    0x08009fe4   0x08009fe4   0x00000024   Code   RO         4221    i.inv_store_gaming_quaternion  results_holder.o
    0x0800a008   0x0800a008   0x00000064   Code   RO         2454    i.inv_unregister_data_cb  data_builder.o
    0x0800a06c   0x0800a06c   0x00000060   Code   RO         4422    i.inv_unregister_mpl_start_notification  start_manager.o
    0x0800a0cc   0x0800a0cc   0x00000040   Code   RO           16    i.main              main.o
    0x0800a10c   0x0800a10c   0x000000fc   Code   RO         4074    i.mpu6050_init      mpu6050.o
    0x0800a208   0x0800a208   0x00000070   Code   RO         3072    i.mpu_configure_fifo  inv_mpu.o
    0x0800a278   0x0800a278   0x0000004c   Code   RO         3073    i.mpu_get_accel_fsr  inv_mpu.o
    0x0800a2c4   0x0800a2c4   0x00000054   Code   RO         3075    i.mpu_get_accel_sens  inv_mpu.o
    0x0800a318   0x0800a318   0x00000010   Code   RO         3080    i.mpu_get_fifo_config  inv_mpu.o
    0x0800a328   0x0800a328   0x00000044   Code   RO         3081    i.mpu_get_gyro_fsr  inv_mpu.o
    0x0800a36c   0x0800a36c   0x00000050   Code   RO         3083    i.mpu_get_gyro_sens  inv_mpu.o
    0x0800a3bc   0x0800a3bc   0x00000050   Code   RO         3085    i.mpu_get_lpf       inv_mpu.o
    0x0800a40c   0x0800a40c   0x00000020   Code   RO         3087    i.mpu_get_sample_rate  inv_mpu.o
    0x0800a42c   0x0800a42c   0x000000a0   Code   RO         3088    i.mpu_get_temperature  inv_mpu.o
    0x0800a4cc   0x0800a4cc   0x000000fc   Code   RO         3089    i.mpu_init          inv_mpu.o
    0x0800a5c8   0x0800a5c8   0x000000b8   Code   RO         3090    i.mpu_load_firmware  inv_mpu.o
    0x0800a680   0x0800a680   0x000000e0   Code   RO         3091    i.mpu_lp_accel_mode  inv_mpu.o
    0x0800a760   0x0800a760   0x000000c0   Code   RO         3097    i.mpu_read_fifo_stream  inv_mpu.o
    0x0800a820   0x0800a820   0x00000080   Code   RO         3098    i.mpu_read_mem      inv_mpu.o
    0x0800a8a0   0x0800a8a0   0x000001c8   Code   RO         3101    i.mpu_reset_fifo    inv_mpu.o
    0x0800aa68   0x0800aa68   0x00000120   Code   RO         3102    i.mpu_run_self_test  inv_mpu.o
    0x0800ab88   0x0800ab88   0x00000084   Code   RO         3105    i.mpu_set_accel_fsr  inv_mpu.o
    0x0800ac0c   0x0800ac0c   0x0000014c   Code   RO         3106    i.mpu_set_bypass    inv_mpu.o
    0x0800ad58   0x0800ad58   0x00000090   Code   RO         3108    i.mpu_set_dmp_state  inv_mpu.o
    0x0800ade8   0x0800ade8   0x00000088   Code   RO         3110    i.mpu_set_gyro_fsr  inv_mpu.o
    0x0800ae70   0x0800ae70   0x0000006c   Code   RO         3111    i.mpu_set_int_latched  inv_mpu.o
    0x0800aedc   0x0800aedc   0x00000084   Code   RO         3113    i.mpu_set_lpf       inv_mpu.o
    0x0800af60   0x0800af60   0x0000009c   Code   RO         3114    i.mpu_set_sample_rate  inv_mpu.o
    0x0800affc   0x0800affc   0x000000d0   Code   RO         3115    i.mpu_set_sensors   inv_mpu.o
    0x0800b0cc   0x0800b0cc   0x00000080   Code   RO         3116    i.mpu_write_mem     inv_mpu.o
    0x0800b14c   0x0800b14c   0x00000204   Code   RO         4075    i.run_self_test     mpu6050.o
    0x0800b350   0x0800b350   0x00000090   Code   RO         3117    i.set_int_enable    inv_mpu.o
    0x0800b3e0   0x0800b3e0   0x00000006   Code   RO         2455    i.set_sensor_orientation_and_scale  data_builder.o
    0x0800b3e6   0x0800b3e6   0x00000002   PAD
    0x0800b3e8   0x0800b3e8   0x00000188   Code   RO         4937    i.sinf              m_ws.l(sinf.o)
    0x0800b570   0x0800b570   0x0000002c   Code   RO         4953    i.sqrtf             m_ws.l(sqrtf.o)
    0x0800b59c   0x0800b59c   0x0000002c   Code   RO         5280    locale$$code        c_w.l(lc_numeric_c.o)
    0x0800b5c8   0x0800b5c8   0x0000002c   Code   RO         5408    locale$$code        c_w.l(lc_ctype_c.o)
    0x0800b5f4   0x0800b5f4   0x00000062   Code   RO         4750    x$fpl$d2f           fz_ws.l(d2f.o)
    0x0800b656   0x0800b656   0x00000002   PAD
    0x0800b658   0x0800b658   0x00000150   Code   RO         4752    x$fpl$dadd          fz_ws.l(daddsub_clz.o)
    0x0800b7a8   0x0800b7a8   0x00000010   Code   RO         5022    x$fpl$dcheck1       fz_ws.l(dcheck1.o)
    0x0800b7b8   0x0800b7b8   0x00000018   Code   RO         5024    x$fpl$dcmpinf       fz_ws.l(dcmpi.o)
    0x0800b7d0   0x0800b7d0   0x000002b0   Code   RO         4759    x$fpl$ddiv          fz_ws.l(ddiv.o)
    0x0800ba80   0x0800ba80   0x0000005e   Code   RO         4762    x$fpl$dfix          fz_ws.l(dfix.o)
    0x0800bade   0x0800bade   0x0000002e   Code   RO         4767    x$fpl$dflt          fz_ws.l(dflt_clz.o)
    0x0800bb0c   0x0800bb0c   0x00000078   Code   RO         4772    x$fpl$dleqf         fz_ws.l(dleqf.o)
    0x0800bb84   0x0800bb84   0x00000154   Code   RO         4774    x$fpl$dmul          fz_ws.l(dmul.o)
    0x0800bcd8   0x0800bcd8   0x0000009c   Code   RO         5028    x$fpl$dnaninf       fz_ws.l(dnaninf.o)
    0x0800bd74   0x0800bd74   0x0000000c   Code   RO         5030    x$fpl$dretinf       fz_ws.l(dretinf.o)
    0x0800bd80   0x0800bd80   0x0000006c   Code   RO         4776    x$fpl$drleqf        fz_ws.l(drleqf.o)
    0x0800bdec   0x0800bdec   0x000001d4   Code   RO         4754    x$fpl$dsub          fz_ws.l(daddsub_clz.o)
    0x0800bfc0   0x0800bfc0   0x00000056   Code   RO         4778    x$fpl$f2d           fz_ws.l(f2d.o)
    0x0800c016   0x0800c016   0x00000002   PAD
    0x0800c018   0x0800c018   0x000000c4   Code   RO         4780    x$fpl$fadd          fz_ws.l(faddsub_clz.o)
    0x0800c0dc   0x0800c0dc   0x0000000c   Code   RO         5034    x$fpl$fcheck1       fz_ws.l(fcheck1.o)
    0x0800c0e8   0x0800c0e8   0x00000018   Code   RO         5036    x$fpl$fcmpinf       fz_ws.l(fcmpi.o)
    0x0800c100   0x0800c100   0x00000184   Code   RO         4787    x$fpl$fdiv          fz_ws.l(fdiv.o)
    0x0800c284   0x0800c284   0x00000068   Code   RO         4790    x$fpl$feqf          fz_ws.l(feqf.o)
    0x0800c2ec   0x0800c2ec   0x00000036   Code   RO         4792    x$fpl$ffix          fz_ws.l(ffix.o)
    0x0800c322   0x0800c322   0x00000002   PAD
    0x0800c324   0x0800c324   0x0000003e   Code   RO         4800    x$fpl$ffixu         fz_ws.l(ffixu.o)
    0x0800c362   0x0800c362   0x00000002   PAD
    0x0800c364   0x0800c364   0x00000030   Code   RO         4805    x$fpl$fflt          fz_ws.l(fflt_clz.o)
    0x0800c394   0x0800c394   0x00000060   Code   RO         4810    x$fpl$ffltll        fz_ws.l(ffltll_clz.o)
    0x0800c3f4   0x0800c3f4   0x00000026   Code   RO         4804    x$fpl$ffltu         fz_ws.l(fflt_clz.o)
    0x0800c41a   0x0800c41a   0x00000002   PAD
    0x0800c41c   0x0800c41c   0x00000068   Code   RO         4812    x$fpl$fleqf         fz_ws.l(fleqf.o)
    0x0800c484   0x0800c484   0x00000102   Code   RO         4814    x$fpl$fmul          fz_ws.l(fmul.o)
    0x0800c586   0x0800c586   0x0000008c   Code   RO         5038    x$fpl$fnaninf       fz_ws.l(fnaninf.o)
    0x0800c612   0x0800c612   0x0000000a   Code   RO         5040    x$fpl$fretinf       fz_ws.l(fretinf.o)
    0x0800c61c   0x0800c61c   0x00000062   Code   RO         4816    x$fpl$frleqf        fz_ws.l(frleqf.o)
    0x0800c67e   0x0800c67e   0x00000002   PAD
    0x0800c680   0x0800c680   0x00000060   Code   RO         5042    x$fpl$frnd          fz_ws.l(frnd.o)
    0x0800c6e0   0x0800c6e0   0x00000014   Code   RO         4781    x$fpl$frsb          fz_ws.l(faddsub_clz.o)
    0x0800c6f4   0x0800c6f4   0x00000110   Code   RO         5044    x$fpl$fsqrt         fz_ws.l(fsqrt.o)
    0x0800c804   0x0800c804   0x000000ea   Code   RO         4782    x$fpl$fsub          fz_ws.l(faddsub_clz.o)
    0x0800c8ee   0x0800c8ee   0x00000002   PAD
    0x0800c8f0   0x0800c8f0   0x00000086   Code   RO         4796    x$fpl$llsfromf      fz_ws.l(ffixll.o)
    0x0800c976   0x0800c976   0x00000004   Code   RO         5046    x$fpl$printf1       fz_ws.l(printf1.o)
    0x0800c97a   0x0800c97a   0x00000004   Code   RO         5048    x$fpl$printf2       fz_ws.l(printf2.o)
    0x0800c97e   0x0800c97e   0x00000064   Code   RO         5160    x$fpl$retnan        fz_ws.l(retnan.o)
    0x0800c9e2   0x0800c9e2   0x0000005c   Code   RO         4818    x$fpl$scalbn        fz_ws.l(scalbn.o)
    0x0800ca3e   0x0800ca3e   0x0000004c   Code   RO         4820    x$fpl$scalbnf       fz_ws.l(scalbnf.o)
    0x0800ca8a   0x0800ca8a   0x00000030   Code   RO         5361    x$fpl$trapveneer    fz_ws.l(trapv.o)
    0x0800caba   0x0800caba   0x00000000   Code   RO         5054    x$fpl$usenofp       fz_ws.l(usenofp.o)
    0x0800caba   0x0800caba   0x00000012   Data   RO         1122    .constdata          stm32f1xx_hal_rcc.o
    0x0800cacc   0x0800cacc   0x00000018   Data   RO         2352    .constdata          system_stm32f1xx.o
    0x0800cae4   0x0800cae4   0x00000054   Data   RO         3118    .constdata          inv_mpu.o
    0x0800cb38   0x0800cb38   0x00000bf6   Data   RO         3433    .constdata          inv_mpu_dmp_motion_driver.o
    0x0800d72e   0x0800d72e   0x0000002f   Data   RO         4031    .constdata          mpl.o
    0x0800d75d   0x0800d75d   0x00000028   Data   RO         4710    .constdata          c_w.l(_printf_hex_int_ll_ptr.o)
    0x0800d785   0x0800d785   0x00000011   Data   RO         4730    .constdata          c_w.l(__printf_flags_ss_wp.o)
    0x0800d796   0x0800d796   0x00000002   PAD
    0x0800d798   0x0800d798   0x00000008   Data   RO         4982    .constdata          c_w.l(_printf_wctomb.o)
    0x0800d7a0   0x0800d7a0   0x00000020   Data   RO         5099    .constdata          m_ws.l(rredf.o)
    0x0800d7c0   0x0800d7c0   0x00000026   Data   RO         5136    .constdata          c_w.l(_printf_fp_hex.o)
    0x0800d7e6   0x0800d7e6   0x00000002   PAD
    0x0800d7e8   0x0800d7e8   0x00000094   Data   RO         5242    .constdata          c_w.l(bigflt0.o)
    0x0800d87c   0x0800d87c   0x00000044   Data   RO         2457    .conststring        data_builder.o
    0x0800d8c0   0x0800d8c0   0x00000009   Data   RO         4077    .conststring        mpu6050.o
    0x0800d8c9   0x0800d8c9   0x00000003   PAD
    0x0800d8cc   0x0800d8cc   0x00000020   Data   RO         5507    Region$$Table       anon$$obj.o
    0x0800d8ec   0x0800d8ec   0x0000001c   Data   RO         5279    locale$$data        c_w.l(lc_numeric_c.o)
    0x0800d908   0x0800d908   0x00000110   Data   RO         5407    locale$$data        c_w.l(lc_ctype_c.o)


    Execution Region RW_IRAM1 (Exec base: 0x20000000, Load base: 0x0800da18, Size: 0x00001420, Max: 0x00005000, ABSOLUTE)

    Exec Addr    Load Addr    Size         Type   Attr      Idx    E Section Name        Object

    0x20000000   0x0800da18   0x0000001c   Data   RW           18    .data               main.o
    0x2000001c   0x0800da34   0x00000009   Data   RW          958    .data               stm32f1xx_hal.o
    0x20000025   0x0800da3d   0x00000003   PAD
    0x20000028   0x0800da40   0x00000004   Data   RW         2353    .data               system_stm32f1xx.o
    0x2000002c   0x0800da44   0x0000002c   Data   RW         3119    .data               inv_mpu.o
    0x20000058   0x0800da70   0x00000004   Data   RW         3643    .data               message_layer.o
    0x2000005c   0x0800da74   0x00000011   Data   RW         4078    .data               mpu6050.o
    0x2000006d   0x0800da85   0x00000003   PAD
    0x20000070        -       0x00000009   Zero   RW           17    .bss                main.o
    0x20000079   0x0800da85   0x00000003   PAD
    0x2000007c        -       0x00000054   Zero   RW          221    .bss                i2c.o
    0x200000d0        -       0x0000008c   Zero   RW          263    .bss                usart.o
    0x2000015c        -       0x000002d8   Zero   RW         2456    .bss                data_builder.o
    0x20000434        -       0x00000028   Zero   RW         2877    .bss                empl_outputs.o
    0x2000045c        -       0x00000010   Zero   RW         3432    .bss                inv_mpu_dmp_motion_driver.o
    0x2000046c        -       0x00000020   Zero   RW         4076    .bss                mpu6050.o
    0x2000048c        -       0x00000088   Zero   RW         4222    .bss                results_holder.o
    0x20000514        -       0x00000054   Zero   RW         4423    .bss                start_manager.o
    0x20000568        -       0x00000198   Zero   RW         4457    .bss                storage_manager.o
    0x20000700        -       0x000002a0   Zero   RW         4495    .bss                libmpllib.lib(fast_no_motion.o)
    0x200009a0        -       0x00000138   Zero   RW         4586    .bss                libmpllib.lib(fusion_9axis.o)
    0x20000ad8        -       0x000001c4   Zero   RW         4611    .bss                libmpllib.lib(gyro_tc.o)
    0x20000c9c        -       0x0000006c   Zero   RW         4632    .bss                libmpllib.lib(quaternion_supervisor.o)
    0x20000d08        -       0x000000b8   Zero   RW         4650    .bss                libmpllib.lib(mag_disturb.o)
    0x20000dc0        -       0x00000060   Zero   RW         5168    .bss                c_w.l(libspace.o)
    0x20000e20        -       0x00000200   Zero   RW            2    HEAP                startup_stm32f103xb.o
    0x20001020        -       0x00000400   Zero   RW            1    STACK               startup_stm32f103xb.o


==============================================================================

Image component sizes


      Code (inc. data)   RO Data    RW Data    ZI Data      Debug   Object Name

      2136        230         68          0        728      27204   data_builder.o
        52          4          0          0          0        726   dma.o
       868         44          0          0         40       4082   empl_outputs.o
       212         16          0          0          0        947   gpio.o
       200         28          0          0         84       1641   i2c.o
      5856        216         84         44          0      27753   inv_mpu.o
      2488        108       3062          0         16      18525   inv_mpu_dmp_motion_driver.o
       200         10          0          0          0       1062   log_stm32.o
       652         76          0         28          9     404660   main.o
        28          4          0          4          0       1154   message_layer.o
      1864          0          0          0          0      12780   ml_math_func.o
       264         92         47          0          0       2400   mpl.o
      1426        180          9         17         32       7852   mpu6050.o
       684         92          0          0        136      11490   results_holder.o
       204         20          0          0         84       3136   start_manager.o
        64         26        236          0       1536        804   startup_stm32f103xb.o
       192         36          0          9          0       5829   stm32f1xx_hal.o
       304         22          0          0          0      29359   stm32f1xx_hal_cortex.o
       778         12          0          0          0       3271   stm32f1xx_hal_dma.o
       840         38          0          0          0       3247   stm32f1xx_hal_gpio.o
      3572         60          0          0          0      13293   stm32f1xx_hal_i2c.o
        84          8          0          0          0        882   stm32f1xx_hal_msp.o
      1748         98         18          0          0       5912   stm32f1xx_hal_rcc.o
      2012          8          0          0          0      11691   stm32f1xx_hal_uart.o
        76         12          0          0          0       5236   stm32f1xx_it.o
       168         10          0          0        408       2365   storage_manager.o
         2          0         24          4          0       1095   system_stm32f1xx.o
       264         30          0          0        140       1713   usart.o

    ----------------------------------------------------------------------
     27256       1480       3583        112       3216     610109   Object Totals
         0          0         32          0          0          0   (incl. Generated)
        18          0          3          6          3          0   (incl. Padding)

    ----------------------------------------------------------------------

      Code (inc. data)   RO Data    RW Data    ZI Data      Debug   Library Member Name

         8          0          0          0          0         68   __main.o
       392          4         17          0          0         92   __printf_flags_ss_wp.o
        14          0          0          0          0         68   __printf_wp.o
         0          0          0          0          0          0   __rtentry.o
        12          0          0          0          0          0   __rtentry2.o
         6          0          0          0          0          0   __rtentry4.o
        52          8          0          0          0          0   __scatter.o
        26          0          0          0          0          0   __scatter_copy.o
        28          0          0          0          0          0   __scatter_zi.o
         6          0          0          0          0          0   _printf_a.o
         6          0          0          0          0          0   _printf_c.o
        44          0          0          0          0        108   _printf_char.o
        48          6          0          0          0         96   _printf_char_common.o
        40          0          0          0          0         68   _printf_charcount.o
         6          0          0          0          0          0   _printf_d.o
       120         16          0          0          0         92   _printf_dec.o
         6          0          0          0          0          0   _printf_e.o
         6          0          0          0          0          0   _printf_f.o
      1054          0          0          0          0        216   _printf_fp_dec.o
       764          8         38          0          0        100   _printf_fp_hex.o
       128         16          0          0          0         84   _printf_fp_infnan.o
         6          0          0          0          0          0   _printf_g.o
       148          4         40          0          0        160   _printf_hex_int_ll_ptr.o
         6          0          0          0          0          0   _printf_i.o
       178          0          0          0          0         88   _printf_intcommon.o
        10          0          0          0          0          0   _printf_l.o
         6          0          0          0          0          0   _printf_lc.o
        10          0          0          0          0          0   _printf_ll.o
         6          0          0          0          0          0   _printf_lld.o
         6          0          0          0          0          0   _printf_lli.o
         6          0          0          0          0          0   _printf_llo.o
         6          0          0          0          0          0   _printf_llu.o
         6          0          0          0          0          0   _printf_llx.o
       124         16          0          0          0         92   _printf_longlong_dec.o
         6          0          0          0          0          0   _printf_ls.o
         6          0          0          0          0          0   _printf_n.o
         6          0          0          0          0          0   _printf_o.o
       112         10          0          0          0        124   _printf_oct_int_ll.o
         6          0          0          0          0          0   _printf_p.o
        78          0          0          0          0        108   _printf_pad.o
         0          0          0          0          0          0   _printf_percent.o
         4          0          0          0          0          0   _printf_percent_end.o
         6          0          0          0          0          0   _printf_s.o
        82          0          0          0          0         80   _printf_str.o
        36          0          0          0          0         84   _printf_truncate.o
         6          0          0          0          0          0   _printf_u.o
        44          0          0          0          0        108   _printf_wchar.o
       188          6          8          0          0         92   _printf_wctomb.o
         6          0          0          0          0          0   _printf_x.o
        22          0          0          0          0        100   _rserrno.o
        10          0          0          0          0         68   _sputc.o
        64          0          0          0          0         92   _wcrtomb.o
        16          0          0          0          0         68   aeabi_memset.o
       228          4        148          0          0         96   bigflt0.o
      1936        128          0          0          0        672   btod.o
        18          0          0          0          0         80   exit.o
         6          0          0          0          0        152   heapauxi.o
         0          0          0          0          0          0   indicate_semi.o
        44         10        272          0          0         76   lc_ctype_c.o
        44         10         28          0          0         76   lc_numeric_c.o
         2          0          0          0          0          0   libinit.o
        30          0          0          0          0          0   libinit2.o
         2          0          0          0          0          0   libshutdown.o
         2          0          0          0          0          0   libshutdown2.o
         8          4          0          0         96         68   libspace.o
        72          0          0          0          0         76   llsdiv.o
        38          0          0          0          0         68   llshl.o
        38          0          0          0          0         68   llsshr.o
       138          0          0          0          0         80   lludiv10.o
       238          0          0          0          0        100   lludivv7m.o
        88          0          0          0          0         76   memcmp.o
        16          4          0          0          0         76   rt_ctype_table.o
         8          4          0          0          0         68   rt_errno_addr_intlibspace.o
         8          4          0          0          0         68   rt_locale_intlibspace.o
        68          0          0          0          0         68   rt_memclr.o
        78          0          0          0          0         80   rt_memclr_w.o
       138          0          0          0          0         68   rt_memcpy_v6.o
       100          0          0          0          0         80   rt_memcpy_w.o
       122          0          0          0          0         80   rt_memmove_w.o
         2          0          0          0          0          0   rtexit.o
        10          0          0          0          0          0   rtexit2.o
       128          0          0          0          0         68   strcmpv7m.o
        12          4          0          0          0         68   sys_exit.o
        74          0          0          0          0         80   sys_stackheap_outer.o
         2          0          0          0          0         68   use_no_semi.o
        36          4          0          0          0         76   vsprintf.o
        98          4          0          0          0         92   d2f.o
       804         16          0          0          0        272   daddsub_clz.o
        16          4          0          0          0         68   dcheck1.o
        24          0          0          0          0         68   dcmpi.o
       688        140          0          0          0        208   ddiv.o
        94          4          0          0          0         92   dfix.o
        46          0          0          0          0         68   dflt_clz.o
       120          4          0          0          0         92   dleqf.o
       340         12          0          0          0        104   dmul.o
       156          4          0          0          0         92   dnaninf.o
        12          0          0          0          0         68   dretinf.o
       108          0          0          0          0         80   drleqf.o
        86          4          0          0          0         84   f2d.o
       450          8          0          0          0        236   faddsub_clz.o
        12          4          0          0          0         68   fcheck1.o
        24          0          0          0          0         68   fcmpi.o
       388         76          0          0          0         96   fdiv.o
       104          4          0          0          0         84   feqf.o
        54          4          0          0          0         84   ffix.o
       134          4          0          0          0         84   ffixll.o
        62          4          0          0          0         84   ffixu.o
        86          0          0          0          0        136   fflt_clz.o
        96          0          0          0          0         84   ffltll_clz.o
       104          4          0          0          0         84   fleqf.o
       258          4          0          0          0         84   fmul.o
       140          4          0          0          0         84   fnaninf.o
        10          0          0          0          0         68   fretinf.o
        98          0          0          0          0         68   frleqf.o
        96          4          0          0          0         76   frnd.o
       272        100          0          0          0         88   fsqrt.o
         4          0          0          0          0         68   printf1.o
         4          0          0          0          0         68   printf2.o
       100          0          0          0          0         68   retnan.o
        92          0          0          0          0         68   scalbn.o
        76          0          0          0          0         68   scalbnf.o
        48          0          0          0          0         68   trapv.o
         0          0          0          0          0          0   usenofp.o
      2548         42          0          0        672      19752   fast_no_motion.o
      1628         54          0          0        312       5308   fusion_9axis.o
      1212         30          0          0        452       5515   gyro_tc.o
      1360         46          0          0        184       7270   mag_disturb.o
      2368        102          0          0        108       5409   quaternion_supervisor.o
       284         42          0          0          0        120   acosf.o
       676         78          0          0          0        116   atan2f.o
       380         52          0          0          0        124   cosf.o
        40          0          0          0          0         68   fpclassify.o
        38          0          0          0          0         68   fpclassifyf.o
        28          0          0          0          0        272   funder.o
       360         16         32          0          0         88   rredf.o
       392         54          0          0          0        124   sinf.o
        44          0          0          0          0         80   sqrtf.o

    ----------------------------------------------------------------------
     24406       1198        587          0       1824      52578   Library Totals
        28          0          4          0          0          0   (incl. Padding)

    ----------------------------------------------------------------------

      Code (inc. data)   RO Data    RW Data    ZI Data      Debug   Library Name

      7716        270        551          0         96       4892   c_w.l
      5304        412          0          0          0       3372   fz_ws.l
      9116        274          0          0       1728      43254   libmpllib.lib
      2242        242         32          0          0       1060   m_ws.l

    ----------------------------------------------------------------------
     24406       1198        587          0       1824      52578   Library Totals

    ----------------------------------------------------------------------

==============================================================================


      Code (inc. data)   RO Data    RW Data    ZI Data      Debug   

     51662       2678       4170        112       5040     645575   Grand Totals
     51662       2678       4170        112       5040     645575   ELF Image Totals
     51662       2678       4170        112          0          0   ROM Totals

==============================================================================

    Total RO  Size (Code + RO Data)                55832 (  54.52kB)
    Total RW  Size (RW Data + ZI Data)              5152 (   5.03kB)
    Total ROM Size (Code + RO Data + RW Data)      55944 (  54.63kB)

==============================================================================

